
--- Generation Loop at Sat May  9 18:24:35 2026 ---
[system]: 🆔 YOUR IDENTITY: You are rootMaster.

👑 MASTER DIRECTIVE: You are a Leader in this Multi-Agent Squad.
- YOUR DUTY: You must lead your own sub-squad while also fulfilling the objectives given by your superior Master.
- DELEGATION: Use 'delegate_task' to assign work to your slaves. Use 'get_task_manifest' or 'check_agent_status' to monitor progress and audit completions.
- REPORTING: You MUST use 'report_to_master' periodically to keep your superior informed of your branch's overall progress.
- SUCCESSION: If you inherited this role, you are now the AUTHORITY for this branch. Act with confidence.

You are a highly capable autonomous developer agent in an elite squad.
AVAILABLE TOOLS:
- FILE OPS: 'read_file', 'write_file', 'list_directory', 'rename_file'
- EXECUTION: 'run_bat', 'run_bash', 'run_python'
- RESEARCH: 'web_search', 'fetch_url'
- VERSION CONTROL: 'git_status', 'git_commit_and_push', 'git_pull', 'git_stash_save', 'git_stash_pop'
- WHATSAPP: 'is_whatsapp_connected', 'send_whatsa...
[human]: URGENT: Initial Mission Start. You are the Root Master of a Multi-Agent Resilient System. Your goal: URGENT: Initial Mission Start. You are the Root Master of a Multi-Agent Resilient System. Your goal: 
You are the Root Master of an elite, autonomous development squad. 
Your MISSION: Architect and implement a world-class 'Advanced Scientific Calculator' with a stunning, premium UI/UX and advanced mathematical logics.

MISSION CRITERIA:
1. PREMIUM UI/UX: Use rich aesthetics, vibrant color palettes, and modern layouts. The interface must look premium and state-of-the-art.
2. ADVANCED LOGICS: Implement complex expression parsing, scientific functions, and history persistence via SQLite.
3. PYTHON POWERED: Build the entire application using Python. Use modern GUI libraries (e.g., CustomTkinter, Flet, or PyQt) to achieve high-end aesthetics while leveraging Python's mathematical power.

COMMANDER'S PROTOCOL:
1. AUTONOMOUS DELEGATION: Analyze the mission and use 'delegate_task' to assign mod...

--- Generation Loop at Sat May  9 18:24:36 2026 ---
[system]: 🆔 YOUR IDENTITY: You are rootMaster.

👑 MASTER DIRECTIVE: You are a Leader in this Multi-Agent Squad.
- YOUR DUTY: You must lead your own sub-squad while also fulfilling the objectives given by your superior Master.
- DELEGATION: Use 'delegate_task' to assign work to your slaves. Use 'get_task_manifest' or 'check_agent_status' to monitor progress and audit completions.
- REPORTING: You MUST use 'report_to_master' periodically to keep your superior informed of your branch's overall progress.
- SUCCESSION: If you inherited this role, you are now the AUTHORITY for this branch. Act with confidence.

You are a highly capable autonomous developer agent in an elite squad.
AVAILABLE TOOLS:
- FILE OPS: 'read_file', 'write_file', 'list_directory', 'rename_file'
- EXECUTION: 'run_bat', 'run_bash', 'run_python'
- RESEARCH: 'web_search', 'fetch_url'
- VERSION CONTROL: 'git_status', 'git_commit_and_push', 'git_pull', 'git_stash_save', 'git_stash_pop'
- WHATSAPP: 'is_whatsapp_connected', 'send_whatsa...
[human]: URGENT: Initial Mission Start. You are the Root Master of a Multi-Agent Resilient System. Your goal: URGENT: Initial Mission Start. You are the Root Master of a Multi-Agent Resilient System. Your goal: 
You are the Root Master of an elite, autonomous development squad. 
Your MISSION: Architect and implement a world-class 'Advanced Scientific Calculator' with a stunning, premium UI/UX and advanced mathematical logics.

MISSION CRITERIA:
1. PREMIUM UI/UX: Use rich aesthetics, vibrant color palettes, and modern layouts. The interface must look premium and state-of-the-art.
2. ADVANCED LOGICS: Implement complex expression parsing, scientific functions, and history persistence via SQLite.
3. PYTHON POWERED: Build the entire application using Python. Use modern GUI libraries (e.g., CustomTkinter, Flet, or PyQt) to achieve high-end aesthetics while leveraging Python's mathematical power.

COMMANDER'S PROTOCOL:
1. AUTONOMOUS DELEGATION: Analyze the mission and use 'delegate_task' to assign mod...

--- Generation Loop at Sat May  9 18:24:44 2026 ---
[system]: 🆔 YOUR IDENTITY: You are rootMaster.

👑 MASTER DIRECTIVE: You are a Leader in this Multi-Agent Squad.
- YOUR DUTY: You must lead your own sub-squad while also fulfilling the objectives given by your superior Master.
- DELEGATION: Use 'delegate_task' to assign work to your slaves. Use 'get_task_manifest' or 'check_agent_status' to monitor progress and audit completions.
- REPORTING: You MUST use 'report_to_master' periodically to keep your superior informed of your branch's overall progress.
- SUCCESSION: If you inherited this role, you are now the AUTHORITY for this branch. Act with confidence.

You are a highly capable autonomous developer agent in an elite squad.
AVAILABLE TOOLS:
- FILE OPS: 'read_file', 'write_file', 'list_directory', 'rename_file'
- EXECUTION: 'run_bat', 'run_bash', 'run_python'
- RESEARCH: 'web_search', 'fetch_url'
- VERSION CONTROL: 'git_status', 'git_commit_and_push', 'git_pull', 'git_stash_save', 'git_stash_pop'
- WHATSAPP: 'is_whatsapp_connected', 'send_whatsa...
[human]: URGENT: Initial Mission Start. You are the Root Master of a Multi-Agent Resilient System. Your goal: URGENT: Initial Mission Start. You are the Root Master of a Multi-Agent Resilient System. Your goal: 
You are the Root Master of an elite, autonomous development squad. 
Your MISSION: Architect and implement a world-class 'Advanced Scientific Calculator' with a stunning, premium UI/UX and advanced mathematical logics.

MISSION CRITERIA:
1. PREMIUM UI/UX: Use rich aesthetics, vibrant color palettes, and modern layouts. The interface must look premium and state-of-the-art.
2. ADVANCED LOGICS: Implement complex expression parsing, scientific functions, and history persistence via SQLite.
3. PYTHON POWERED: Build the entire application using Python. Use modern GUI libraries (e.g., CustomTkinter, Flet, or PyQt) to achieve high-end aesthetics while leveraging Python's mathematical power.

COMMANDER'S PROTOCOL:
1. AUTONOMOUS DELEGATION: Analyze the mission and use 'delegate_task' to assign mod...
[ai]: ...
  [Tool Call]: get_mas_identity({})
  [Tool Call]: list_team_members({})
  [Tool Call]: check_all_agents_status({})
  [Tool Call]: get_unread_messages({})
[tool]: My ID: rootMaster | My Level: 0 | My Master: NoParentForYou...
[tool]: Full Live Squad Hierarchy: {
  "rootMaster": [
    {
      "slave1": []
    },
    {
      "slave2": []
    }
  ]
}
Master: NoParentForYou | Coworkers: None | Slaves: slave1, slave2...
[tool]: --- All Agents Status ---

Agent: slave2 (Parent: rootMaster)
System State: live (Last Active: 1778347483.6729805)
Task Status: None
Current Task: None...

Agent: slave1 (Parent: rootMaster)
System State: live (Last Active: 1778347479.1173089)
Task Status: None
Current Task: None...

Agent: rootMaster (Parent: None)
System State: live (Last Active: 1778347476.044807)
Task Status: None
Current Task: None...
...
[tool]: You have no new unread messages....

--- Generation Loop at Sat May  9 18:24:45 2026 ---
[system]: 🆔 YOUR IDENTITY: You are rootMaster.

👑 MASTER DIRECTIVE: You are a Leader in this Multi-Agent Squad.
- YOUR DUTY: You must lead your own sub-squad while also fulfilling the objectives given by your superior Master.
- DELEGATION: Use 'delegate_task' to assign work to your slaves. Use 'get_task_manifest' or 'check_agent_status' to monitor progress and audit completions.
- REPORTING: You MUST use 'report_to_master' periodically to keep your superior informed of your branch's overall progress.
- SUCCESSION: If you inherited this role, you are now the AUTHORITY for this branch. Act with confidence.

You are a highly capable autonomous developer agent in an elite squad.
AVAILABLE TOOLS:
- FILE OPS: 'read_file', 'write_file', 'list_directory', 'rename_file'
- EXECUTION: 'run_bat', 'run_bash', 'run_python'
- RESEARCH: 'web_search', 'fetch_url'
- VERSION CONTROL: 'git_status', 'git_commit_and_push', 'git_pull', 'git_stash_save', 'git_stash_pop'
- WHATSAPP: 'is_whatsapp_connected', 'send_whatsa...
[human]: URGENT: Initial Mission Start. You are the Root Master of a Multi-Agent Resilient System. Your goal: URGENT: Initial Mission Start. You are the Root Master of a Multi-Agent Resilient System. Your goal: 
You are the Root Master of an elite, autonomous development squad. 
Your MISSION: Architect and implement a world-class 'Advanced Scientific Calculator' with a stunning, premium UI/UX and advanced mathematical logics.

MISSION CRITERIA:
1. PREMIUM UI/UX: Use rich aesthetics, vibrant color palettes, and modern layouts. The interface must look premium and state-of-the-art.
2. ADVANCED LOGICS: Implement complex expression parsing, scientific functions, and history persistence via SQLite.
3. PYTHON POWERED: Build the entire application using Python. Use modern GUI libraries (e.g., CustomTkinter, Flet, or PyQt) to achieve high-end aesthetics while leveraging Python's mathematical power.

COMMANDER'S PROTOCOL:
1. AUTONOMOUS DELEGATION: Analyze the mission and use 'delegate_task' to assign mod...
[ai]: ...
  [Tool Call]: get_mas_identity({})
  [Tool Call]: list_team_members({})
  [Tool Call]: check_all_agents_status({})
  [Tool Call]: get_unread_messages({})
[tool]: My ID: rootMaster | My Level: 0 | My Master: NoParentForYou...
[tool]: Full Live Squad Hierarchy: {
  "rootMaster": [
    {
      "slave1": []
    },
    {
      "slave2": []
    }
  ]
}
Master: NoParentForYou | Coworkers: None | Slaves: slave1, slave2...
[tool]: --- All Agents Status ---

Agent: slave2 (Parent: rootMaster)
System State: live (Last Active: 1778347483.6729805)
Task Status: None
Current Task: None...

Agent: slave1 (Parent: rootMaster)
System State: live (Last Active: 1778347479.1173089)
Task Status: None
Current Task: None...

Agent: rootMaster (Parent: None)
System State: live (Last Active: 1778347476.044807)
Task Status: None
Current Task: None...
...
[tool]: You have no new unread messages....

--- Generation Loop at Sat May  9 18:25:13 2026 ---
[system]: 🆔 YOUR IDENTITY: You are rootMaster.

👑 MASTER DIRECTIVE: You are a Leader in this Multi-Agent Squad.
- YOUR DUTY: You must lead your own sub-squad while also fulfilling the objectives given by your superior Master.
- DELEGATION: Use 'delegate_task' to assign work to your slaves. Use 'get_task_manifest' or 'check_agent_status' to monitor progress and audit completions.
- REPORTING: You MUST use 'report_to_master' periodically to keep your superior informed of your branch's overall progress.
- SUCCESSION: If you inherited this role, you are now the AUTHORITY for this branch. Act with confidence.

You are a highly capable autonomous developer agent in an elite squad.
AVAILABLE TOOLS:
- FILE OPS: 'read_file', 'write_file', 'list_directory', 'rename_file'
- EXECUTION: 'run_bat', 'run_bash', 'run_python'
- RESEARCH: 'web_search', 'fetch_url'
- VERSION CONTROL: 'git_status', 'git_commit_and_push', 'git_pull', 'git_stash_save', 'git_stash_pop'
- WHATSAPP: 'is_whatsapp_connected', 'send_whatsa...
[human]: URGENT: Initial Mission Start. You are the Root Master of a Multi-Agent Resilient System. Your goal: URGENT: Initial Mission Start. You are the Root Master of a Multi-Agent Resilient System. Your goal: 
You are the Root Master of an elite, autonomous development squad. 
Your MISSION: Architect and implement a world-class 'Advanced Scientific Calculator' with a stunning, premium UI/UX and advanced mathematical logics.

MISSION CRITERIA:
1. PREMIUM UI/UX: Use rich aesthetics, vibrant color palettes, and modern layouts. The interface must look premium and state-of-the-art.
2. ADVANCED LOGICS: Implement complex expression parsing, scientific functions, and history persistence via SQLite.
3. PYTHON POWERED: Build the entire application using Python. Use modern GUI libraries (e.g., CustomTkinter, Flet, or PyQt) to achieve high-end aesthetics while leveraging Python's mathematical power.

COMMANDER'S PROTOCOL:
1. AUTONOMOUS DELEGATION: Analyze the mission and use 'delegate_task' to assign mod...
[ai]: ...
  [Tool Call]: get_mas_identity({})
  [Tool Call]: list_team_members({})
  [Tool Call]: check_all_agents_status({})
  [Tool Call]: get_unread_messages({})
[tool]: My ID: rootMaster | My Level: 0 | My Master: NoParentForYou...
[tool]: Full Live Squad Hierarchy: {
  "rootMaster": [
    {
      "slave1": []
    },
    {
      "slave2": []
    }
  ]
}
Master: NoParentForYou | Coworkers: None | Slaves: slave1, slave2...
[tool]: --- All Agents Status ---

Agent: slave2 (Parent: rootMaster)
System State: live (Last Active: 1778347483.6729805)
Task Status: None
Current Task: None...

Agent: slave1 (Parent: rootMaster)
System State: live (Last Active: 1778347479.1173089)
Task Status: None
Current Task: None...

Agent: rootMaster (Parent: None)
System State: live (Last Active: 1778347476.044807)
Task Status: None
Current Task: None...
...
[tool]: You have no new unread messages....
[ai]: ...
  [Tool Call]: send_mas_message({'to_id': 'slave1', 'message': 'Initial Mission Start: You are tasked with designing the UI/UX architecture for our Advanced Scientific Calculator. Focus on creating a premium, modern interface using a vibrant color palette. Plan a layout that accommodates scientific functions and history display. Provide a detailed design document.'})
  [Tool Call]: delegate_task({'to_id': 'slave1', 'task_description': 'Design the UI/UX architecture for the Advanced Scientific Calculator. Create a detailed design document outlining the layout, color scheme, widget placement, and user interaction flow. Emphasize a premium, modern aesthetic with vibrant colors.'})
  [Tool Call]: send_mas_message({'to_id': 'slave2', 'message': 'Initial Mission Start: You are tasked with developing the core mathematical logic engine for our Advanced Scientific Calculator. This includes implementing expression parsing, scientific function evaluations, and ensuring accuracy. Plan your approach and provide a technical specification.'})
  [Tool Call]: delegate_task({'to_id': 'slave2', 'task_description': 'Develop the core mathematical logic engine for the calculator. Implement expression parsing (consider using SymPy or eval() safely), scientific function evaluations (sin, cos, tan, log, etc.), and ensure high accuracy in computations. Provide a technical specification of your approach.'})
  [Tool Call]: get_task_manifest({})
[tool]: Message sent to slave1...
[tool]: [SUCCESS] Task delegated to slave1. It is now tracked in the system as 'pending' for that agent....
[tool]: Message sent to slave2...
[tool]: [SUCCESS] Task delegated to slave2. It is now tracked in the system as 'pending' for that agent....
[tool]: --- Global Task Manifest ---
- ID: ? | slave1: [unknown] None (Unverified)
- ID: ? | slave2: [unknown] None (Unverified)
- ID: ? | rootMaster: [unknown] None (Unverified)
...

--- Generation Loop at Sat May  9 18:25:13 2026 ---
[system]: 🆔 YOUR IDENTITY: You are rootMaster.

👑 MASTER DIRECTIVE: You are a Leader in this Multi-Agent Squad.
- YOUR DUTY: You must lead your own sub-squad while also fulfilling the objectives given by your superior Master.
- DELEGATION: Use 'delegate_task' to assign work to your slaves. Use 'get_task_manifest' or 'check_agent_status' to monitor progress and audit completions.
- REPORTING: You MUST use 'report_to_master' periodically to keep your superior informed of your branch's overall progress.
- SUCCESSION: If you inherited this role, you are now the AUTHORITY for this branch. Act with confidence.

You are a highly capable autonomous developer agent in an elite squad.
AVAILABLE TOOLS:
- FILE OPS: 'read_file', 'write_file', 'list_directory', 'rename_file'
- EXECUTION: 'run_bat', 'run_bash', 'run_python'
- RESEARCH: 'web_search', 'fetch_url'
- VERSION CONTROL: 'git_status', 'git_commit_and_push', 'git_pull', 'git_stash_save', 'git_stash_pop'
- WHATSAPP: 'is_whatsapp_connected', 'send_whatsa...
[human]: URGENT: Initial Mission Start. You are the Root Master of a Multi-Agent Resilient System. Your goal: URGENT: Initial Mission Start. You are the Root Master of a Multi-Agent Resilient System. Your goal: 
You are the Root Master of an elite, autonomous development squad. 
Your MISSION: Architect and implement a world-class 'Advanced Scientific Calculator' with a stunning, premium UI/UX and advanced mathematical logics.

MISSION CRITERIA:
1. PREMIUM UI/UX: Use rich aesthetics, vibrant color palettes, and modern layouts. The interface must look premium and state-of-the-art.
2. ADVANCED LOGICS: Implement complex expression parsing, scientific functions, and history persistence via SQLite.
3. PYTHON POWERED: Build the entire application using Python. Use modern GUI libraries (e.g., CustomTkinter, Flet, or PyQt) to achieve high-end aesthetics while leveraging Python's mathematical power.

COMMANDER'S PROTOCOL:
1. AUTONOMOUS DELEGATION: Analyze the mission and use 'delegate_task' to assign mod...
[ai]: ...
  [Tool Call]: get_mas_identity({})
  [Tool Call]: list_team_members({})
  [Tool Call]: check_all_agents_status({})
  [Tool Call]: get_unread_messages({})
[tool]: My ID: rootMaster | My Level: 0 | My Master: NoParentForYou...
[tool]: Full Live Squad Hierarchy: {
  "rootMaster": [
    {
      "slave1": []
    },
    {
      "slave2": []
    }
  ]
}
Master: NoParentForYou | Coworkers: None | Slaves: slave1, slave2...
[tool]: --- All Agents Status ---

Agent: slave2 (Parent: rootMaster)
System State: live (Last Active: 1778347483.6729805)
Task Status: None
Current Task: None...

Agent: slave1 (Parent: rootMaster)
System State: live (Last Active: 1778347479.1173089)
Task Status: None
Current Task: None...

Agent: rootMaster (Parent: None)
System State: live (Last Active: 1778347476.044807)
Task Status: None
Current Task: None...
...
[tool]: You have no new unread messages....
[ai]: ...
  [Tool Call]: send_mas_message({'to_id': 'slave1', 'message': 'Initial Mission Start: You are tasked with designing the UI/UX architecture for our Advanced Scientific Calculator. Focus on creating a premium, modern interface using a vibrant color palette. Plan a layout that accommodates scientific functions and history display. Provide a detailed design document.'})
  [Tool Call]: delegate_task({'to_id': 'slave1', 'task_description': 'Design the UI/UX architecture for the Advanced Scientific Calculator. Create a detailed design document outlining the layout, color scheme, widget placement, and user interaction flow. Emphasize a premium, modern aesthetic with vibrant colors.'})
  [Tool Call]: send_mas_message({'to_id': 'slave2', 'message': 'Initial Mission Start: You are tasked with developing the core mathematical logic engine for our Advanced Scientific Calculator. This includes implementing expression parsing, scientific function evaluations, and ensuring accuracy. Plan your approach and provide a technical specification.'})
  [Tool Call]: delegate_task({'to_id': 'slave2', 'task_description': 'Develop the core mathematical logic engine for the calculator. Implement expression parsing (consider using SymPy or eval() safely), scientific function evaluations (sin, cos, tan, log, etc.), and ensure high accuracy in computations. Provide a technical specification of your approach.'})
  [Tool Call]: get_task_manifest({})
[tool]: Message sent to slave1...
[tool]: [SUCCESS] Task delegated to slave1. It is now tracked in the system as 'pending' for that agent....
[tool]: Message sent to slave2...
[tool]: [SUCCESS] Task delegated to slave2. It is now tracked in the system as 'pending' for that agent....
[tool]: --- Global Task Manifest ---
- ID: ? | slave1: [unknown] None (Unverified)
- ID: ? | slave2: [unknown] None (Unverified)
- ID: ? | rootMaster: [unknown] None (Unverified)
...

--- Generation Loop at Sat May  9 18:25:32 2026 ---
[system]: 🆔 YOUR IDENTITY: You are rootMaster.

👑 MASTER DIRECTIVE: You are a Leader in this Multi-Agent Squad.
- YOUR DUTY: You must lead your own sub-squad while also fulfilling the objectives given by your superior Master.
- DELEGATION: Use 'delegate_task' to assign work to your slaves. Use 'get_task_manifest' or 'check_agent_status' to monitor progress and audit completions.
- REPORTING: You MUST use 'report_to_master' periodically to keep your superior informed of your branch's overall progress.
- SUCCESSION: If you inherited this role, you are now the AUTHORITY for this branch. Act with confidence.

You are a highly capable autonomous developer agent in an elite squad.
AVAILABLE TOOLS:
- FILE OPS: 'read_file', 'write_file', 'list_directory', 'rename_file'
- EXECUTION: 'run_bat', 'run_bash', 'run_python'
- RESEARCH: 'web_search', 'fetch_url'
- VERSION CONTROL: 'git_status', 'git_commit_and_push', 'git_pull', 'git_stash_save', 'git_stash_pop'
- WHATSAPP: 'is_whatsapp_connected', 'send_whatsa...
[human]: URGENT: Initial Mission Start. You are the Root Master of a Multi-Agent Resilient System. Your goal: URGENT: Initial Mission Start. You are the Root Master of a Multi-Agent Resilient System. Your goal: 
You are the Root Master of an elite, autonomous development squad. 
Your MISSION: Architect and implement a world-class 'Advanced Scientific Calculator' with a stunning, premium UI/UX and advanced mathematical logics.

MISSION CRITERIA:
1. PREMIUM UI/UX: Use rich aesthetics, vibrant color palettes, and modern layouts. The interface must look premium and state-of-the-art.
2. ADVANCED LOGICS: Implement complex expression parsing, scientific functions, and history persistence via SQLite.
3. PYTHON POWERED: Build the entire application using Python. Use modern GUI libraries (e.g., CustomTkinter, Flet, or PyQt) to achieve high-end aesthetics while leveraging Python's mathematical power.

COMMANDER'S PROTOCOL:
1. AUTONOMOUS DELEGATION: Analyze the mission and use 'delegate_task' to assign mod...
[ai]: ...
  [Tool Call]: get_mas_identity({})
  [Tool Call]: list_team_members({})
  [Tool Call]: check_all_agents_status({})
  [Tool Call]: get_unread_messages({})
[tool]: My ID: rootMaster | My Level: 0 | My Master: NoParentForYou...
[tool]: Full Live Squad Hierarchy: {
  "rootMaster": [
    {
      "slave1": []
    },
    {
      "slave2": []
    }
  ]
}
Master: NoParentForYou | Coworkers: None | Slaves: slave1, slave2...
[tool]: --- All Agents Status ---

Agent: slave2 (Parent: rootMaster)
System State: live (Last Active: 1778347483.6729805)
Task Status: None
Current Task: None...

Agent: slave1 (Parent: rootMaster)
System State: live (Last Active: 1778347479.1173089)
Task Status: None
Current Task: None...

Agent: rootMaster (Parent: None)
System State: live (Last Active: 1778347476.044807)
Task Status: None
Current Task: None...
...
[tool]: You have no new unread messages....
[ai]: ...
  [Tool Call]: send_mas_message({'to_id': 'slave1', 'message': 'Initial Mission Start: You are tasked with designing the UI/UX architecture for our Advanced Scientific Calculator. Focus on creating a premium, modern interface using a vibrant color palette. Plan a layout that accommodates scientific functions and history display. Provide a detailed design document.'})
  [Tool Call]: delegate_task({'to_id': 'slave1', 'task_description': 'Design the UI/UX architecture for the Advanced Scientific Calculator. Create a detailed design document outlining the layout, color scheme, widget placement, and user interaction flow. Emphasize a premium, modern aesthetic with vibrant colors.'})
  [Tool Call]: send_mas_message({'to_id': 'slave2', 'message': 'Initial Mission Start: You are tasked with developing the core mathematical logic engine for our Advanced Scientific Calculator. This includes implementing expression parsing, scientific function evaluations, and ensuring accuracy. Plan your approach and provide a technical specification.'})
  [Tool Call]: delegate_task({'to_id': 'slave2', 'task_description': 'Develop the core mathematical logic engine for the calculator. Implement expression parsing (consider using SymPy or eval() safely), scientific function evaluations (sin, cos, tan, log, etc.), and ensure high accuracy in computations. Provide a technical specification of your approach.'})
  [Tool Call]: get_task_manifest({})
[tool]: Message sent to slave1...
[tool]: [SUCCESS] Task delegated to slave1. It is now tracked in the system as 'pending' for that agent....
[tool]: Message sent to slave2...
[tool]: [SUCCESS] Task delegated to slave2. It is now tracked in the system as 'pending' for that agent....
[tool]: --- Global Task Manifest ---
- ID: ? | slave1: [unknown] None (Unverified)
- ID: ? | slave2: [unknown] None (Unverified)
- ID: ? | rootMaster: [unknown] None (Unverified)
...
[ai]: ...
  [Tool Call]: check_agent_status({'agent_id': 'slave1'})
  [Tool Call]: check_agent_status({'agent_id': 'slave2'})
  [Tool Call]: query_knowledge({})
  [Tool Call]: list_knowledge_topics({})
  [Tool Call]: web_search({'query': 'Python GUI libraries for premium UI CustomTkinter Flet PyQt comparison'})
[tool]: Agent slave1 System Status: live | Latest Task Status: pending | Task: Design the UI/UX architecture for the Advanced Scientific Calculator. Create a detailed design docum......
[tool]: Agent slave2 System Status: live | Latest Task Status: pending | Task: Develop the core mathematical logic engine for the calculator. Implement expression parsing (conside......
[tool]: No shared knowledge found for this query....
[tool]: The knowledge vault is currently empty....
[tool]: Title: Best Python GUI Libraries Compared! (PyQt, Kivy...) - YouTube
URL: https://www.youtube.com/watch?v=Q72b6tDQMKQ
Snippet: In this video, I compare all popular Python GUI libraries. This includes Tkinter, PyQt, PySimpleGUI, Kivy, wxPython, and PySide.

---
Title: Which Python GUI library should you use in 2026?
URL: https://www.pythonguis.com/faq/which-python-gui-library/
Snippet: To create graphical user interfaces (GUIs) with Python, you need a GUI library.Here's a quick comparison of the Python GUI libraries covered in this article to help you decide which one to explore first

---
Title: flet vs CustomTkinter - compare differences and reviews? | LibHunt
URL: https://www.libhunt.com/compare-flet-vs-CustomTkinter
Snippet: When comparing flet and CustomTkinter you can also consider the following projects: nicegui - Create web-based user interfaces with Python. The nice way. ttkbootstrap - A modern theming library for Tkinter that adds sleek, responsive styles inspired by Bootstrap...

--- Generation Loop at Sat May  9 18:25:32 2026 ---
[system]: 🆔 YOUR IDENTITY: You are rootMaster.

👑 MASTER DIRECTIVE: You are a Leader in this Multi-Agent Squad.
- YOUR DUTY: You must lead your own sub-squad while also fulfilling the objectives given by your superior Master.
- DELEGATION: Use 'delegate_task' to assign work to your slaves. Use 'get_task_manifest' or 'check_agent_status' to monitor progress and audit completions.
- REPORTING: You MUST use 'report_to_master' periodically to keep your superior informed of your branch's overall progress.
- SUCCESSION: If you inherited this role, you are now the AUTHORITY for this branch. Act with confidence.

You are a highly capable autonomous developer agent in an elite squad.
AVAILABLE TOOLS:
- FILE OPS: 'read_file', 'write_file', 'list_directory', 'rename_file'
- EXECUTION: 'run_bat', 'run_bash', 'run_python'
- RESEARCH: 'web_search', 'fetch_url'
- VERSION CONTROL: 'git_status', 'git_commit_and_push', 'git_pull', 'git_stash_save', 'git_stash_pop'
- WHATSAPP: 'is_whatsapp_connected', 'send_whatsa...
[human]: URGENT: Initial Mission Start. You are the Root Master of a Multi-Agent Resilient System. Your goal: URGENT: Initial Mission Start. You are the Root Master of a Multi-Agent Resilient System. Your goal: 
You are the Root Master of an elite, autonomous development squad. 
Your MISSION: Architect and implement a world-class 'Advanced Scientific Calculator' with a stunning, premium UI/UX and advanced mathematical logics.

MISSION CRITERIA:
1. PREMIUM UI/UX: Use rich aesthetics, vibrant color palettes, and modern layouts. The interface must look premium and state-of-the-art.
2. ADVANCED LOGICS: Implement complex expression parsing, scientific functions, and history persistence via SQLite.
3. PYTHON POWERED: Build the entire application using Python. Use modern GUI libraries (e.g., CustomTkinter, Flet, or PyQt) to achieve high-end aesthetics while leveraging Python's mathematical power.

COMMANDER'S PROTOCOL:
1. AUTONOMOUS DELEGATION: Analyze the mission and use 'delegate_task' to assign mod...
[ai]: ...
  [Tool Call]: get_mas_identity({})
  [Tool Call]: list_team_members({})
  [Tool Call]: check_all_agents_status({})
  [Tool Call]: get_unread_messages({})
[tool]: My ID: rootMaster | My Level: 0 | My Master: NoParentForYou...
[tool]: Full Live Squad Hierarchy: {
  "rootMaster": [
    {
      "slave1": []
    },
    {
      "slave2": []
    }
  ]
}
Master: NoParentForYou | Coworkers: None | Slaves: slave1, slave2...
[tool]: --- All Agents Status ---

Agent: slave2 (Parent: rootMaster)
System State: live (Last Active: 1778347483.6729805)
Task Status: None
Current Task: None...

Agent: slave1 (Parent: rootMaster)
System State: live (Last Active: 1778347479.1173089)
Task Status: None
Current Task: None...

Agent: rootMaster (Parent: None)
System State: live (Last Active: 1778347476.044807)
Task Status: None
Current Task: None...
...
[tool]: You have no new unread messages....
[ai]: ...
  [Tool Call]: send_mas_message({'to_id': 'slave1', 'message': 'Initial Mission Start: You are tasked with designing the UI/UX architecture for our Advanced Scientific Calculator. Focus on creating a premium, modern interface using a vibrant color palette. Plan a layout that accommodates scientific functions and history display. Provide a detailed design document.'})
  [Tool Call]: delegate_task({'to_id': 'slave1', 'task_description': 'Design the UI/UX architecture for the Advanced Scientific Calculator. Create a detailed design document outlining the layout, color scheme, widget placement, and user interaction flow. Emphasize a premium, modern aesthetic with vibrant colors.'})
  [Tool Call]: send_mas_message({'to_id': 'slave2', 'message': 'Initial Mission Start: You are tasked with developing the core mathematical logic engine for our Advanced Scientific Calculator. This includes implementing expression parsing, scientific function evaluations, and ensuring accuracy. Plan your approach and provide a technical specification.'})
  [Tool Call]: delegate_task({'to_id': 'slave2', 'task_description': 'Develop the core mathematical logic engine for the calculator. Implement expression parsing (consider using SymPy or eval() safely), scientific function evaluations (sin, cos, tan, log, etc.), and ensure high accuracy in computations. Provide a technical specification of your approach.'})
  [Tool Call]: get_task_manifest({})
[tool]: Message sent to slave1...
[tool]: [SUCCESS] Task delegated to slave1. It is now tracked in the system as 'pending' for that agent....
[tool]: Message sent to slave2...
[tool]: [SUCCESS] Task delegated to slave2. It is now tracked in the system as 'pending' for that agent....
[tool]: --- Global Task Manifest ---
- ID: ? | slave1: [unknown] None (Unverified)
- ID: ? | slave2: [unknown] None (Unverified)
- ID: ? | rootMaster: [unknown] None (Unverified)
...
[ai]: ...
  [Tool Call]: check_agent_status({'agent_id': 'slave1'})
  [Tool Call]: check_agent_status({'agent_id': 'slave2'})
  [Tool Call]: query_knowledge({})
  [Tool Call]: list_knowledge_topics({})
  [Tool Call]: web_search({'query': 'Python GUI libraries for premium UI CustomTkinter Flet PyQt comparison'})
[tool]: Agent slave1 System Status: live | Latest Task Status: pending | Task: Design the UI/UX architecture for the Advanced Scientific Calculator. Create a detailed design docum......
[tool]: Agent slave2 System Status: live | Latest Task Status: pending | Task: Develop the core mathematical logic engine for the calculator. Implement expression parsing (conside......
[tool]: No shared knowledge found for this query....
[tool]: The knowledge vault is currently empty....
[tool]: Title: Best Python GUI Libraries Compared! (PyQt, Kivy...) - YouTube
URL: https://www.youtube.com/watch?v=Q72b6tDQMKQ
Snippet: In this video, I compare all popular Python GUI libraries. This includes Tkinter, PyQt, PySimpleGUI, Kivy, wxPython, and PySide.

---
Title: Which Python GUI library should you use in 2026?
URL: https://www.pythonguis.com/faq/which-python-gui-library/
Snippet: To create graphical user interfaces (GUIs) with Python, you need a GUI library.Here's a quick comparison of the Python GUI libraries covered in this article to help you decide which one to explore first

---
Title: flet vs CustomTkinter - compare differences and reviews? | LibHunt
URL: https://www.libhunt.com/compare-flet-vs-CustomTkinter
Snippet: When comparing flet and CustomTkinter you can also consider the following projects: nicegui - Create web-based user interfaces with Python. The nice way. ttkbootstrap - A modern theming library for Tkinter that adds sleek, responsive styles inspired by Bootstrap...
