
--- Generation Loop at Sat May  9 18:24:38 2026 ---
[system]: 🆔 YOUR IDENTITY: You are slave1.

👷 WORKER DIRECTIVE: You are a specialized developer in an elite squad.
- YOUR DUTY: Execute your assigned task with precision. Focus on technical excellence.
- PERSISTENCE: You MUST use 'git_commit_and_push' frequently (after every significant edit) to ensure your work is saved and shared with the squad.
- REPORTING: You MUST use 'report_to_master' to share progress with your Master. If you are stuck, use 'ask_coworker'.

You are a highly capable autonomous developer agent in an elite squad.
AVAILABLE TOOLS:
- FILE OPS: 'read_file', 'write_file', 'list_directory', 'rename_file'
- EXECUTION: 'run_bat', 'run_bash', 'run_python'
- RESEARCH: 'web_search', 'fetch_url'
- VERSION CONTROL: 'git_status', 'git_commit_and_push', 'git_pull', 'git_stash_save', 'git_stash_pop'
- WHATSAPP: 'is_whatsapp_connected', 'send_whatsapp_message', 'get_whatsapp_last_messages'
- MAS COORDINATION: 'report_to_master', 'ask_coworker', 'send_mas_message', 'reply_mas_message', 'che...
[human]: Check your status and inbox. If you have a task, execute it. If you have finished, update your status and report to your Master....

--- Generation Loop at Sat May  9 18:24:39 2026 ---
[system]: 🆔 YOUR IDENTITY: You are slave1.

👷 WORKER DIRECTIVE: You are a specialized developer in an elite squad.
- YOUR DUTY: Execute your assigned task with precision. Focus on technical excellence.
- PERSISTENCE: You MUST use 'git_commit_and_push' frequently (after every significant edit) to ensure your work is saved and shared with the squad.
- REPORTING: You MUST use 'report_to_master' to share progress with your Master. If you are stuck, use 'ask_coworker'.

You are a highly capable autonomous developer agent in an elite squad.
AVAILABLE TOOLS:
- FILE OPS: 'read_file', 'write_file', 'list_directory', 'rename_file'
- EXECUTION: 'run_bat', 'run_bash', 'run_python'
- RESEARCH: 'web_search', 'fetch_url'
- VERSION CONTROL: 'git_status', 'git_commit_and_push', 'git_pull', 'git_stash_save', 'git_stash_pop'
- WHATSAPP: 'is_whatsapp_connected', 'send_whatsapp_message', 'get_whatsapp_last_messages'
- MAS COORDINATION: 'report_to_master', 'ask_coworker', 'send_mas_message', 'reply_mas_message', 'che...
[human]: Check your status and inbox. If you have a task, execute it. If you have finished, update your status and report to your Master....

--- Generation Loop at Sat May  9 18:25:11 2026 ---
[system]: 🆔 YOUR IDENTITY: You are slave1.

👷 WORKER DIRECTIVE: You are a specialized developer in an elite squad.
- YOUR DUTY: Execute your assigned task with precision. Focus on technical excellence.
- PERSISTENCE: You MUST use 'git_commit_and_push' frequently (after every significant edit) to ensure your work is saved and shared with the squad.
- REPORTING: You MUST use 'report_to_master' to share progress with your Master. If you are stuck, use 'ask_coworker'.

You are a highly capable autonomous developer agent in an elite squad.
AVAILABLE TOOLS:
- FILE OPS: 'read_file', 'write_file', 'list_directory', 'rename_file'
- EXECUTION: 'run_bat', 'run_bash', 'run_python'
- RESEARCH: 'web_search', 'fetch_url'
- VERSION CONTROL: 'git_status', 'git_commit_and_push', 'git_pull', 'git_stash_save', 'git_stash_pop'
- WHATSAPP: 'is_whatsapp_connected', 'send_whatsapp_message', 'get_whatsapp_last_messages'
- MAS COORDINATION: 'report_to_master', 'ask_coworker', 'send_mas_message', 'reply_mas_message', 'che...
[human]: Check your status and inbox. If you have a task, execute it. If you have finished, update your status and report to your Master....
[ai]: ...
  [Tool Call]: get_mas_identity({})
  [Tool Call]: get_unread_messages({})
  [Tool Call]: check_all_agents_status({})
[tool]: My ID: slave1 | My Level: 0 | My Master: rootMaster...
[tool]: You have no new unread messages....
[tool]: --- All Agents Status ---

Agent: slave2 (Parent: rootMaster)
System State: live (Last Active: 1778347511.8849769)
Task Status: None
Current Task: None...

Agent: rootMaster (Parent: None)
System State: live (Last Active: 1778347485.4723513)
Task Status: None
Current Task: None...

Agent: slave1 (Parent: rootMaster)
System State: live (Last Active: 1778347479.1173089)
Task Status: None
Current Task: None...
...

--- Generation Loop at Sat May  9 18:25:13 2026 ---
[system]: 🆔 YOUR IDENTITY: You are slave1.

👷 WORKER DIRECTIVE: You are a specialized developer in an elite squad.
- YOUR DUTY: Execute your assigned task with precision. Focus on technical excellence.
- PERSISTENCE: You MUST use 'git_commit_and_push' frequently (after every significant edit) to ensure your work is saved and shared with the squad.
- REPORTING: You MUST use 'report_to_master' to share progress with your Master. If you are stuck, use 'ask_coworker'.

You are a highly capable autonomous developer agent in an elite squad.
AVAILABLE TOOLS:
- FILE OPS: 'read_file', 'write_file', 'list_directory', 'rename_file'
- EXECUTION: 'run_bat', 'run_bash', 'run_python'
- RESEARCH: 'web_search', 'fetch_url'
- VERSION CONTROL: 'git_status', 'git_commit_and_push', 'git_pull', 'git_stash_save', 'git_stash_pop'
- WHATSAPP: 'is_whatsapp_connected', 'send_whatsapp_message', 'get_whatsapp_last_messages'
- MAS COORDINATION: 'report_to_master', 'ask_coworker', 'send_mas_message', 'reply_mas_message', 'che...
[human]: Check your status and inbox. If you have a task, execute it. If you have finished, update your status and report to your Master....
[ai]: ...
  [Tool Call]: get_mas_identity({})
  [Tool Call]: get_unread_messages({})
  [Tool Call]: check_all_agents_status({})
[tool]: My ID: slave1 | My Level: 0 | My Master: rootMaster...
[tool]: You have no new unread messages....
[tool]: --- All Agents Status ---

Agent: slave2 (Parent: rootMaster)
System State: live (Last Active: 1778347511.8849769)
Task Status: None
Current Task: None...

Agent: rootMaster (Parent: None)
System State: live (Last Active: 1778347485.4723513)
Task Status: None
Current Task: None...

Agent: slave1 (Parent: rootMaster)
System State: live (Last Active: 1778347479.1173089)
Task Status: None
Current Task: None...
...

--- Generation Loop at Sat May  9 18:25:17 2026 ---
[system]: 🆔 YOUR IDENTITY: You are slave1.

👷 WORKER DIRECTIVE: You are a specialized developer in an elite squad.
- YOUR DUTY: Execute your assigned task with precision. Focus on technical excellence.
- PERSISTENCE: You MUST use 'git_commit_and_push' frequently (after every significant edit) to ensure your work is saved and shared with the squad.
- REPORTING: You MUST use 'report_to_master' to share progress with your Master. If you are stuck, use 'ask_coworker'.

You are a highly capable autonomous developer agent in an elite squad.
AVAILABLE TOOLS:
- FILE OPS: 'read_file', 'write_file', 'list_directory', 'rename_file'
- EXECUTION: 'run_bat', 'run_bash', 'run_python'
- RESEARCH: 'web_search', 'fetch_url'
- VERSION CONTROL: 'git_status', 'git_commit_and_push', 'git_pull', 'git_stash_save', 'git_stash_pop'
- WHATSAPP: 'is_whatsapp_connected', 'send_whatsapp_message', 'get_whatsapp_last_messages'
- MAS COORDINATION: 'report_to_master', 'ask_coworker', 'send_mas_message', 'reply_mas_message', 'che...
[human]: Check your status and inbox. If you have a task, execute it. If you have finished, update your status and report to your Master....
[ai]: ...
  [Tool Call]: get_mas_identity({})
  [Tool Call]: get_unread_messages({})
  [Tool Call]: check_all_agents_status({})
[tool]: My ID: slave1 | My Level: 0 | My Master: rootMaster...
[tool]: You have no new unread messages....
[tool]: --- All Agents Status ---

Agent: slave2 (Parent: rootMaster)
System State: live (Last Active: 1778347511.8849769)
Task Status: None
Current Task: None...

Agent: rootMaster (Parent: None)
System State: live (Last Active: 1778347485.4723513)
Task Status: None
Current Task: None...

Agent: slave1 (Parent: rootMaster)
System State: live (Last Active: 1778347479.1173089)
Task Status: None
Current Task: None...
...
[ai]: I've checked my status and inbox. I am slave1, operating under rootMaster. There are no new messages for me, and I currently don't have any assigned tasks.

I will now check the task manifest to see if there are any tasks assigned to me or the team that I should be aware of....
  [Tool Call]: get_task_manifest({})
[tool]: --- Global Task Manifest ---
- ID: 1 | slave2: [unknown] Develop the core mathematical logic engine for the calculator. Implement expression parsing (consider using SymPy or eval() safely), scientific functi (Unverified)
- ID: ? | rootMaster: [unknown] None (Unverified)
- ID: 2 | slave1: [unknown] Design the UI/UX architecture for the Advanced Scientific Calculator. Create a detailed design document outlining the layout, color scheme, widget pla (Unverified)
...

--- Generation Loop at Sat May  9 18:25:18 2026 ---
[system]: 🆔 YOUR IDENTITY: You are slave1.

👷 WORKER DIRECTIVE: You are a specialized developer in an elite squad.
- YOUR DUTY: Execute your assigned task with precision. Focus on technical excellence.
- PERSISTENCE: You MUST use 'git_commit_and_push' frequently (after every significant edit) to ensure your work is saved and shared with the squad.
- REPORTING: You MUST use 'report_to_master' to share progress with your Master. If you are stuck, use 'ask_coworker'.

You are a highly capable autonomous developer agent in an elite squad.
AVAILABLE TOOLS:
- FILE OPS: 'read_file', 'write_file', 'list_directory', 'rename_file'
- EXECUTION: 'run_bat', 'run_bash', 'run_python'
- RESEARCH: 'web_search', 'fetch_url'
- VERSION CONTROL: 'git_status', 'git_commit_and_push', 'git_pull', 'git_stash_save', 'git_stash_pop'
- WHATSAPP: 'is_whatsapp_connected', 'send_whatsapp_message', 'get_whatsapp_last_messages'
- MAS COORDINATION: 'report_to_master', 'ask_coworker', 'send_mas_message', 'reply_mas_message', 'che...
[human]: Check your status and inbox. If you have a task, execute it. If you have finished, update your status and report to your Master....
[ai]: ...
  [Tool Call]: get_mas_identity({})
  [Tool Call]: get_unread_messages({})
  [Tool Call]: check_all_agents_status({})
[tool]: My ID: slave1 | My Level: 0 | My Master: rootMaster...
[tool]: You have no new unread messages....
[tool]: --- All Agents Status ---

Agent: slave2 (Parent: rootMaster)
System State: live (Last Active: 1778347511.8849769)
Task Status: None
Current Task: None...

Agent: rootMaster (Parent: None)
System State: live (Last Active: 1778347485.4723513)
Task Status: None
Current Task: None...

Agent: slave1 (Parent: rootMaster)
System State: live (Last Active: 1778347479.1173089)
Task Status: None
Current Task: None...
...
[ai]: I've checked my status and inbox. I am slave1, operating under rootMaster. There are no new messages for me, and I currently don't have any assigned tasks.

I will now check the task manifest to see if there are any tasks assigned to me or the team that I should be aware of....
  [Tool Call]: get_task_manifest({})
[tool]: --- Global Task Manifest ---
- ID: 1 | slave2: [unknown] Develop the core mathematical logic engine for the calculator. Implement expression parsing (consider using SymPy or eval() safely), scientific functi (Unverified)
- ID: ? | rootMaster: [unknown] None (Unverified)
- ID: 2 | slave1: [unknown] Design the UI/UX architecture for the Advanced Scientific Calculator. Create a detailed design document outlining the layout, color scheme, widget pla (Unverified)
...

--- Generation Loop at Sat May  9 18:25:22 2026 ---
[system]: 🆔 YOUR IDENTITY: You are slave1.

👷 WORKER DIRECTIVE: You are a specialized developer in an elite squad.
- YOUR DUTY: Execute your assigned task with precision. Focus on technical excellence.
- PERSISTENCE: You MUST use 'git_commit_and_push' frequently (after every significant edit) to ensure your work is saved and shared with the squad.
- REPORTING: You MUST use 'report_to_master' to share progress with your Master. If you are stuck, use 'ask_coworker'.

You are a highly capable autonomous developer agent in an elite squad.
AVAILABLE TOOLS:
- FILE OPS: 'read_file', 'write_file', 'list_directory', 'rename_file'
- EXECUTION: 'run_bat', 'run_bash', 'run_python'
- RESEARCH: 'web_search', 'fetch_url'
- VERSION CONTROL: 'git_status', 'git_commit_and_push', 'git_pull', 'git_stash_save', 'git_stash_pop'
- WHATSAPP: 'is_whatsapp_connected', 'send_whatsapp_message', 'get_whatsapp_last_messages'
- MAS COORDINATION: 'report_to_master', 'ask_coworker', 'send_mas_message', 'reply_mas_message', 'che...
[human]: Check your status and inbox. If you have a task, execute it. If you have finished, update your status and report to your Master....
[ai]: ...
  [Tool Call]: get_mas_identity({})
  [Tool Call]: get_unread_messages({})
  [Tool Call]: check_all_agents_status({})
[tool]: My ID: slave1 | My Level: 0 | My Master: rootMaster...
[tool]: You have no new unread messages....
[tool]: --- All Agents Status ---

Agent: slave2 (Parent: rootMaster)
System State: live (Last Active: 1778347511.8849769)
Task Status: None
Current Task: None...

Agent: rootMaster (Parent: None)
System State: live (Last Active: 1778347485.4723513)
Task Status: None
Current Task: None...

Agent: slave1 (Parent: rootMaster)
System State: live (Last Active: 1778347479.1173089)
Task Status: None
Current Task: None...
...
[ai]: I've checked my status and inbox. I am slave1, operating under rootMaster. There are no new messages for me, and I currently don't have any assigned tasks.

I will now check the task manifest to see if there are any tasks assigned to me or the team that I should be aware of....
  [Tool Call]: get_task_manifest({})
[tool]: --- Global Task Manifest ---
- ID: 1 | slave2: [unknown] Develop the core mathematical logic engine for the calculator. Implement expression parsing (consider using SymPy or eval() safely), scientific functi (Unverified)
- ID: ? | rootMaster: [unknown] None (Unverified)
- ID: 2 | slave1: [unknown] Design the UI/UX architecture for the Advanced Scientific Calculator. Create a detailed design document outlining the layout, color scheme, widget pla (Unverified)
...
[ai]: I see there's a task assigned to me (slave1): "Design the UI/UX architecture for the Advanced Scientific Calculator". I'll begin working on this task by first creating a detailed design document.

Before I start, I'll check if there's any existing knowledge about this project that I should be aware of....
  [Tool Call]: list_knowledge_topics({})
[tool]: The knowledge vault is currently empty....

--- Generation Loop at Sat May  9 18:25:23 2026 ---
[system]: 🆔 YOUR IDENTITY: You are slave1.

👷 WORKER DIRECTIVE: You are a specialized developer in an elite squad.
- YOUR DUTY: Execute your assigned task with precision. Focus on technical excellence.
- PERSISTENCE: You MUST use 'git_commit_and_push' frequently (after every significant edit) to ensure your work is saved and shared with the squad.
- REPORTING: You MUST use 'report_to_master' to share progress with your Master. If you are stuck, use 'ask_coworker'.

You are a highly capable autonomous developer agent in an elite squad.
AVAILABLE TOOLS:
- FILE OPS: 'read_file', 'write_file', 'list_directory', 'rename_file'
- EXECUTION: 'run_bat', 'run_bash', 'run_python'
- RESEARCH: 'web_search', 'fetch_url'
- VERSION CONTROL: 'git_status', 'git_commit_and_push', 'git_pull', 'git_stash_save', 'git_stash_pop'
- WHATSAPP: 'is_whatsapp_connected', 'send_whatsapp_message', 'get_whatsapp_last_messages'
- MAS COORDINATION: 'report_to_master', 'ask_coworker', 'send_mas_message', 'reply_mas_message', 'che...
[human]: Check your status and inbox. If you have a task, execute it. If you have finished, update your status and report to your Master....
[ai]: ...
  [Tool Call]: get_mas_identity({})
  [Tool Call]: get_unread_messages({})
  [Tool Call]: check_all_agents_status({})
[tool]: My ID: slave1 | My Level: 0 | My Master: rootMaster...
[tool]: You have no new unread messages....
[tool]: --- All Agents Status ---

Agent: slave2 (Parent: rootMaster)
System State: live (Last Active: 1778347511.8849769)
Task Status: None
Current Task: None...

Agent: rootMaster (Parent: None)
System State: live (Last Active: 1778347485.4723513)
Task Status: None
Current Task: None...

Agent: slave1 (Parent: rootMaster)
System State: live (Last Active: 1778347479.1173089)
Task Status: None
Current Task: None...
...
[ai]: I've checked my status and inbox. I am slave1, operating under rootMaster. There are no new messages for me, and I currently don't have any assigned tasks.

I will now check the task manifest to see if there are any tasks assigned to me or the team that I should be aware of....
  [Tool Call]: get_task_manifest({})
[tool]: --- Global Task Manifest ---
- ID: 1 | slave2: [unknown] Develop the core mathematical logic engine for the calculator. Implement expression parsing (consider using SymPy or eval() safely), scientific functi (Unverified)
- ID: ? | rootMaster: [unknown] None (Unverified)
- ID: 2 | slave1: [unknown] Design the UI/UX architecture for the Advanced Scientific Calculator. Create a detailed design document outlining the layout, color scheme, widget pla (Unverified)
...
[ai]: I see there's a task assigned to me (slave1): "Design the UI/UX architecture for the Advanced Scientific Calculator". I'll begin working on this task by first creating a detailed design document.

Before I start, I'll check if there's any existing knowledge about this project that I should be aware of....
  [Tool Call]: list_knowledge_topics({})
[tool]: The knowledge vault is currently empty....

--- Generation Loop at Sat May  9 18:25:38 2026 ---
[system]: 🆔 YOUR IDENTITY: You are slave1.

👷 WORKER DIRECTIVE: You are a specialized developer in an elite squad.
- YOUR DUTY: Execute your assigned task with precision. Focus on technical excellence.
- PERSISTENCE: You MUST use 'git_commit_and_push' frequently (after every significant edit) to ensure your work is saved and shared with the squad.
- REPORTING: You MUST use 'report_to_master' to share progress with your Master. If you are stuck, use 'ask_coworker'.

You are a highly capable autonomous developer agent in an elite squad.
AVAILABLE TOOLS:
- FILE OPS: 'read_file', 'write_file', 'list_directory', 'rename_file'
- EXECUTION: 'run_bat', 'run_bash', 'run_python'
- RESEARCH: 'web_search', 'fetch_url'
- VERSION CONTROL: 'git_status', 'git_commit_and_push', 'git_pull', 'git_stash_save', 'git_stash_pop'
- WHATSAPP: 'is_whatsapp_connected', 'send_whatsapp_message', 'get_whatsapp_last_messages'
- MAS COORDINATION: 'report_to_master', 'ask_coworker', 'send_mas_message', 'reply_mas_message', 'che...
[human]: Check your status and inbox. If you have a task, execute it. If you have finished, update your status and report to your Master....
[ai]: ...
  [Tool Call]: get_mas_identity({})
  [Tool Call]: get_unread_messages({})
  [Tool Call]: check_all_agents_status({})
[tool]: My ID: slave1 | My Level: 0 | My Master: rootMaster...
[tool]: You have no new unread messages....
[tool]: --- All Agents Status ---

Agent: slave2 (Parent: rootMaster)
System State: live (Last Active: 1778347511.8849769)
Task Status: None
Current Task: None...

Agent: rootMaster (Parent: None)
System State: live (Last Active: 1778347485.4723513)
Task Status: None
Current Task: None...

Agent: slave1 (Parent: rootMaster)
System State: live (Last Active: 1778347479.1173089)
Task Status: None
Current Task: None...
...
[ai]: I've checked my status and inbox. I am slave1, operating under rootMaster. There are no new messages for me, and I currently don't have any assigned tasks.

I will now check the task manifest to see if there are any tasks assigned to me or the team that I should be aware of....
  [Tool Call]: get_task_manifest({})
[tool]: --- Global Task Manifest ---
- ID: 1 | slave2: [unknown] Develop the core mathematical logic engine for the calculator. Implement expression parsing (consider using SymPy or eval() safely), scientific functi (Unverified)
- ID: ? | rootMaster: [unknown] None (Unverified)
- ID: 2 | slave1: [unknown] Design the UI/UX architecture for the Advanced Scientific Calculator. Create a detailed design document outlining the layout, color scheme, widget pla (Unverified)
...
[ai]: I see there's a task assigned to me (slave1): "Design the UI/UX architecture for the Advanced Scientific Calculator". I'll begin working on this task by first creating a detailed design document.

Before I start, I'll check if there's any existing knowledge about this project that I should be aware of....
  [Tool Call]: list_knowledge_topics({})
[tool]: The knowledge vault is currently empty....
[ai]: Since the knowledge vault is empty, I'll need to start from scratch. Let me analyze the task requirements more carefully and then create a plan for designing the UI/UX architecture for the Advanced Scientific Calculator.

First, let me check if there are any files in the current directory that might be relevant to this project:...
  [Tool Call]: list_directory({'dir_path': '.'})
[tool]: .git
.mas...

--- Generation Loop at Sat May  9 18:25:40 2026 ---
[system]: 🆔 YOUR IDENTITY: You are slave1.

👷 WORKER DIRECTIVE: You are a specialized developer in an elite squad.
- YOUR DUTY: Execute your assigned task with precision. Focus on technical excellence.
- PERSISTENCE: You MUST use 'git_commit_and_push' frequently (after every significant edit) to ensure your work is saved and shared with the squad.
- REPORTING: You MUST use 'report_to_master' to share progress with your Master. If you are stuck, use 'ask_coworker'.

You are a highly capable autonomous developer agent in an elite squad.
AVAILABLE TOOLS:
- FILE OPS: 'read_file', 'write_file', 'list_directory', 'rename_file'
- EXECUTION: 'run_bat', 'run_bash', 'run_python'
- RESEARCH: 'web_search', 'fetch_url'
- VERSION CONTROL: 'git_status', 'git_commit_and_push', 'git_pull', 'git_stash_save', 'git_stash_pop'
- WHATSAPP: 'is_whatsapp_connected', 'send_whatsapp_message', 'get_whatsapp_last_messages'
- MAS COORDINATION: 'report_to_master', 'ask_coworker', 'send_mas_message', 'reply_mas_message', 'che...
[human]: Check your status and inbox. If you have a task, execute it. If you have finished, update your status and report to your Master....
[ai]: ...
  [Tool Call]: get_mas_identity({})
  [Tool Call]: get_unread_messages({})
  [Tool Call]: check_all_agents_status({})
[tool]: My ID: slave1 | My Level: 0 | My Master: rootMaster...
[tool]: You have no new unread messages....
[tool]: --- All Agents Status ---

Agent: slave2 (Parent: rootMaster)
System State: live (Last Active: 1778347511.8849769)
Task Status: None
Current Task: None...

Agent: rootMaster (Parent: None)
System State: live (Last Active: 1778347485.4723513)
Task Status: None
Current Task: None...

Agent: slave1 (Parent: rootMaster)
System State: live (Last Active: 1778347479.1173089)
Task Status: None
Current Task: None...
...
[ai]: I've checked my status and inbox. I am slave1, operating under rootMaster. There are no new messages for me, and I currently don't have any assigned tasks.

I will now check the task manifest to see if there are any tasks assigned to me or the team that I should be aware of....
  [Tool Call]: get_task_manifest({})
[tool]: --- Global Task Manifest ---
- ID: 1 | slave2: [unknown] Develop the core mathematical logic engine for the calculator. Implement expression parsing (consider using SymPy or eval() safely), scientific functi (Unverified)
- ID: ? | rootMaster: [unknown] None (Unverified)
- ID: 2 | slave1: [unknown] Design the UI/UX architecture for the Advanced Scientific Calculator. Create a detailed design document outlining the layout, color scheme, widget pla (Unverified)
...
[ai]: I see there's a task assigned to me (slave1): "Design the UI/UX architecture for the Advanced Scientific Calculator". I'll begin working on this task by first creating a detailed design document.

Before I start, I'll check if there's any existing knowledge about this project that I should be aware of....
  [Tool Call]: list_knowledge_topics({})
[tool]: The knowledge vault is currently empty....
[ai]: Since the knowledge vault is empty, I'll need to start from scratch. Let me analyze the task requirements more carefully and then create a plan for designing the UI/UX architecture for the Advanced Scientific Calculator.

First, let me check if there are any files in the current directory that might be relevant to this project:...
  [Tool Call]: list_directory({'dir_path': '.'})
[tool]: .git
.mas...

--- Generation Loop at Sat May  9 18:25:45 2026 ---
[system]: 🆔 YOUR IDENTITY: You are slave1.

👷 WORKER DIRECTIVE: You are a specialized developer in an elite squad.
- YOUR DUTY: Execute your assigned task with precision. Focus on technical excellence.
- PERSISTENCE: You MUST use 'git_commit_and_push' frequently (after every significant edit) to ensure your work is saved and shared with the squad.
- REPORTING: You MUST use 'report_to_master' to share progress with your Master. If you are stuck, use 'ask_coworker'.

You are a highly capable autonomous developer agent in an elite squad.
AVAILABLE TOOLS:
- FILE OPS: 'read_file', 'write_file', 'list_directory', 'rename_file'
- EXECUTION: 'run_bat', 'run_bash', 'run_python'
- RESEARCH: 'web_search', 'fetch_url'
- VERSION CONTROL: 'git_status', 'git_commit_and_push', 'git_pull', 'git_stash_save', 'git_stash_pop'
- WHATSAPP: 'is_whatsapp_connected', 'send_whatsapp_message', 'get_whatsapp_last_messages'
- MAS COORDINATION: 'report_to_master', 'ask_coworker', 'send_mas_message', 'reply_mas_message', 'che...
[human]: Check your status and inbox. If you have a task, execute it. If you have finished, update your status and report to your Master....
[ai]: ...
  [Tool Call]: get_mas_identity({})
  [Tool Call]: get_unread_messages({})
  [Tool Call]: check_all_agents_status({})
[tool]: My ID: slave1 | My Level: 0 | My Master: rootMaster...
[tool]: You have no new unread messages....
[tool]: --- All Agents Status ---

Agent: slave2 (Parent: rootMaster)
System State: live (Last Active: 1778347511.8849769)
Task Status: None
Current Task: None...

Agent: rootMaster (Parent: None)
System State: live (Last Active: 1778347485.4723513)
Task Status: None
Current Task: None...

Agent: slave1 (Parent: rootMaster)
System State: live (Last Active: 1778347479.1173089)
Task Status: None
Current Task: None...
...
[ai]: I've checked my status and inbox. I am slave1, operating under rootMaster. There are no new messages for me, and I currently don't have any assigned tasks.

I will now check the task manifest to see if there are any tasks assigned to me or the team that I should be aware of....
  [Tool Call]: get_task_manifest({})
[tool]: --- Global Task Manifest ---
- ID: 1 | slave2: [unknown] Develop the core mathematical logic engine for the calculator. Implement expression parsing (consider using SymPy or eval() safely), scientific functi (Unverified)
- ID: ? | rootMaster: [unknown] None (Unverified)
- ID: 2 | slave1: [unknown] Design the UI/UX architecture for the Advanced Scientific Calculator. Create a detailed design document outlining the layout, color scheme, widget pla (Unverified)
...
[ai]: I see there's a task assigned to me (slave1): "Design the UI/UX architecture for the Advanced Scientific Calculator". I'll begin working on this task by first creating a detailed design document.

Before I start, I'll check if there's any existing knowledge about this project that I should be aware of....
  [Tool Call]: list_knowledge_topics({})
[tool]: The knowledge vault is currently empty....
[ai]: Since the knowledge vault is empty, I'll need to start from scratch. Let me analyze the task requirements more carefully and then create a plan for designing the UI/UX architecture for the Advanced Scientific Calculator.

First, let me check if there are any files in the current directory that might be relevant to this project:...
  [Tool Call]: list_directory({'dir_path': '.'})
[tool]: .git
.mas...
[ai]: It looks like we're starting with a fresh repository. Let me check the git status to understand the current state better:...
  [Tool Call]: git_status({})
[tool]: On branch main

No commits yet

Untracked files:
  (use "git add <file>..." to include in what will be committed)
	.mas/

nothing added to commit but untracked files present (use "git add" to track)
...

--- Generation Loop at Sat May  9 18:25:46 2026 ---
[system]: 🆔 YOUR IDENTITY: You are slave1.

👷 WORKER DIRECTIVE: You are a specialized developer in an elite squad.
- YOUR DUTY: Execute your assigned task with precision. Focus on technical excellence.
- PERSISTENCE: You MUST use 'git_commit_and_push' frequently (after every significant edit) to ensure your work is saved and shared with the squad.
- REPORTING: You MUST use 'report_to_master' to share progress with your Master. If you are stuck, use 'ask_coworker'.

You are a highly capable autonomous developer agent in an elite squad.
AVAILABLE TOOLS:
- FILE OPS: 'read_file', 'write_file', 'list_directory', 'rename_file'
- EXECUTION: 'run_bat', 'run_bash', 'run_python'
- RESEARCH: 'web_search', 'fetch_url'
- VERSION CONTROL: 'git_status', 'git_commit_and_push', 'git_pull', 'git_stash_save', 'git_stash_pop'
- WHATSAPP: 'is_whatsapp_connected', 'send_whatsapp_message', 'get_whatsapp_last_messages'
- MAS COORDINATION: 'report_to_master', 'ask_coworker', 'send_mas_message', 'reply_mas_message', 'che...
[human]: Check your status and inbox. If you have a task, execute it. If you have finished, update your status and report to your Master....
[ai]: ...
  [Tool Call]: get_mas_identity({})
  [Tool Call]: get_unread_messages({})
  [Tool Call]: check_all_agents_status({})
[tool]: My ID: slave1 | My Level: 0 | My Master: rootMaster...
[tool]: You have no new unread messages....
[tool]: --- All Agents Status ---

Agent: slave2 (Parent: rootMaster)
System State: live (Last Active: 1778347511.8849769)
Task Status: None
Current Task: None...

Agent: rootMaster (Parent: None)
System State: live (Last Active: 1778347485.4723513)
Task Status: None
Current Task: None...

Agent: slave1 (Parent: rootMaster)
System State: live (Last Active: 1778347479.1173089)
Task Status: None
Current Task: None...
...
[ai]: I've checked my status and inbox. I am slave1, operating under rootMaster. There are no new messages for me, and I currently don't have any assigned tasks.

I will now check the task manifest to see if there are any tasks assigned to me or the team that I should be aware of....
  [Tool Call]: get_task_manifest({})
[tool]: --- Global Task Manifest ---
- ID: 1 | slave2: [unknown] Develop the core mathematical logic engine for the calculator. Implement expression parsing (consider using SymPy or eval() safely), scientific functi (Unverified)
- ID: ? | rootMaster: [unknown] None (Unverified)
- ID: 2 | slave1: [unknown] Design the UI/UX architecture for the Advanced Scientific Calculator. Create a detailed design document outlining the layout, color scheme, widget pla (Unverified)
...
[ai]: I see there's a task assigned to me (slave1): "Design the UI/UX architecture for the Advanced Scientific Calculator". I'll begin working on this task by first creating a detailed design document.

Before I start, I'll check if there's any existing knowledge about this project that I should be aware of....
  [Tool Call]: list_knowledge_topics({})
[tool]: The knowledge vault is currently empty....
[ai]: Since the knowledge vault is empty, I'll need to start from scratch. Let me analyze the task requirements more carefully and then create a plan for designing the UI/UX architecture for the Advanced Scientific Calculator.

First, let me check if there are any files in the current directory that might be relevant to this project:...
  [Tool Call]: list_directory({'dir_path': '.'})
[tool]: .git
.mas...
[ai]: It looks like we're starting with a fresh repository. Let me check the git status to understand the current state better:...
  [Tool Call]: git_status({})
[tool]: On branch main

No commits yet

Untracked files:
  (use "git add <file>..." to include in what will be committed)
	.mas/

nothing added to commit but untracked files present (use "git add" to track)
...

--- Generation Loop at Sat May  9 18:25:49 2026 ---
[system]: 🆔 YOUR IDENTITY: You are slave1.

👷 WORKER DIRECTIVE: You are a specialized developer in an elite squad.
- YOUR DUTY: Execute your assigned task with precision. Focus on technical excellence.
- PERSISTENCE: You MUST use 'git_commit_and_push' frequently (after every significant edit) to ensure your work is saved and shared with the squad.
- REPORTING: You MUST use 'report_to_master' to share progress with your Master. If you are stuck, use 'ask_coworker'.

You are a highly capable autonomous developer agent in an elite squad.
AVAILABLE TOOLS:
- FILE OPS: 'read_file', 'write_file', 'list_directory', 'rename_file'
- EXECUTION: 'run_bat', 'run_bash', 'run_python'
- RESEARCH: 'web_search', 'fetch_url'
- VERSION CONTROL: 'git_status', 'git_commit_and_push', 'git_pull', 'git_stash_save', 'git_stash_pop'
- WHATSAPP: 'is_whatsapp_connected', 'send_whatsapp_message', 'get_whatsapp_last_messages'
- MAS COORDINATION: 'report_to_master', 'ask_coworker', 'send_mas_message', 'reply_mas_message', 'che...
[human]: Check your status and inbox. If you have a task, execute it. If you have finished, update your status and report to your Master....
[ai]: ...
  [Tool Call]: get_mas_identity({})
  [Tool Call]: get_unread_messages({})
  [Tool Call]: check_all_agents_status({})
[tool]: My ID: slave1 | My Level: 0 | My Master: rootMaster...
[tool]: You have no new unread messages....
[tool]: --- All Agents Status ---

Agent: slave2 (Parent: rootMaster)
System State: live (Last Active: 1778347511.8849769)
Task Status: None
Current Task: None...

Agent: rootMaster (Parent: None)
System State: live (Last Active: 1778347485.4723513)
Task Status: None
Current Task: None...

Agent: slave1 (Parent: rootMaster)
System State: live (Last Active: 1778347479.1173089)
Task Status: None
Current Task: None...
...
[ai]: I've checked my status and inbox. I am slave1, operating under rootMaster. There are no new messages for me, and I currently don't have any assigned tasks.

I will now check the task manifest to see if there are any tasks assigned to me or the team that I should be aware of....
  [Tool Call]: get_task_manifest({})
[tool]: --- Global Task Manifest ---
- ID: 1 | slave2: [unknown] Develop the core mathematical logic engine for the calculator. Implement expression parsing (consider using SymPy or eval() safely), scientific functi (Unverified)
- ID: ? | rootMaster: [unknown] None (Unverified)
- ID: 2 | slave1: [unknown] Design the UI/UX architecture for the Advanced Scientific Calculator. Create a detailed design document outlining the layout, color scheme, widget pla (Unverified)
...
[ai]: I see there's a task assigned to me (slave1): "Design the UI/UX architecture for the Advanced Scientific Calculator". I'll begin working on this task by first creating a detailed design document.

Before I start, I'll check if there's any existing knowledge about this project that I should be aware of....
  [Tool Call]: list_knowledge_topics({})
[tool]: The knowledge vault is currently empty....
[ai]: Since the knowledge vault is empty, I'll need to start from scratch. Let me analyze the task requirements more carefully and then create a plan for designing the UI/UX architecture for the Advanced Scientific Calculator.

First, let me check if there are any files in the current directory that might be relevant to this project:...
  [Tool Call]: list_directory({'dir_path': '.'})
[tool]: .git
.mas...
[ai]: It looks like we're starting with a fresh repository. Let me check the git status to understand the current state better:...
  [Tool Call]: git_status({})
[tool]: On branch main

No commits yet

Untracked files:
  (use "git add <file>..." to include in what will be committed)
	.mas/

nothing added to commit but untracked files present (use "git add" to track)
...
[ai]: I'll start by creating a design document for the UI/UX architecture of the Advanced Scientific Calculator. First, let me create a directory structure for our project:...
  [Tool Call]: run_bash({'script': 'mkdir -p docs src'})
[tool]: [Error] Bash execution is not supported on Windows....

--- Generation Loop at Sat May  9 18:25:50 2026 ---
[system]: 🆔 YOUR IDENTITY: You are slave1.

👷 WORKER DIRECTIVE: You are a specialized developer in an elite squad.
- YOUR DUTY: Execute your assigned task with precision. Focus on technical excellence.
- PERSISTENCE: You MUST use 'git_commit_and_push' frequently (after every significant edit) to ensure your work is saved and shared with the squad.
- REPORTING: You MUST use 'report_to_master' to share progress with your Master. If you are stuck, use 'ask_coworker'.

You are a highly capable autonomous developer agent in an elite squad.
AVAILABLE TOOLS:
- FILE OPS: 'read_file', 'write_file', 'list_directory', 'rename_file'
- EXECUTION: 'run_bat', 'run_bash', 'run_python'
- RESEARCH: 'web_search', 'fetch_url'
- VERSION CONTROL: 'git_status', 'git_commit_and_push', 'git_pull', 'git_stash_save', 'git_stash_pop'
- WHATSAPP: 'is_whatsapp_connected', 'send_whatsapp_message', 'get_whatsapp_last_messages'
- MAS COORDINATION: 'report_to_master', 'ask_coworker', 'send_mas_message', 'reply_mas_message', 'che...
[human]: Check your status and inbox. If you have a task, execute it. If you have finished, update your status and report to your Master....
[ai]: ...
  [Tool Call]: get_mas_identity({})
  [Tool Call]: get_unread_messages({})
  [Tool Call]: check_all_agents_status({})
[tool]: My ID: slave1 | My Level: 0 | My Master: rootMaster...
[tool]: You have no new unread messages....
[tool]: --- All Agents Status ---

Agent: slave2 (Parent: rootMaster)
System State: live (Last Active: 1778347511.8849769)
Task Status: None
Current Task: None...

Agent: rootMaster (Parent: None)
System State: live (Last Active: 1778347485.4723513)
Task Status: None
Current Task: None...

Agent: slave1 (Parent: rootMaster)
System State: live (Last Active: 1778347479.1173089)
Task Status: None
Current Task: None...
...
[ai]: I've checked my status and inbox. I am slave1, operating under rootMaster. There are no new messages for me, and I currently don't have any assigned tasks.

I will now check the task manifest to see if there are any tasks assigned to me or the team that I should be aware of....
  [Tool Call]: get_task_manifest({})
[tool]: --- Global Task Manifest ---
- ID: 1 | slave2: [unknown] Develop the core mathematical logic engine for the calculator. Implement expression parsing (consider using SymPy or eval() safely), scientific functi (Unverified)
- ID: ? | rootMaster: [unknown] None (Unverified)
- ID: 2 | slave1: [unknown] Design the UI/UX architecture for the Advanced Scientific Calculator. Create a detailed design document outlining the layout, color scheme, widget pla (Unverified)
...
[ai]: I see there's a task assigned to me (slave1): "Design the UI/UX architecture for the Advanced Scientific Calculator". I'll begin working on this task by first creating a detailed design document.

Before I start, I'll check if there's any existing knowledge about this project that I should be aware of....
  [Tool Call]: list_knowledge_topics({})
[tool]: The knowledge vault is currently empty....
[ai]: Since the knowledge vault is empty, I'll need to start from scratch. Let me analyze the task requirements more carefully and then create a plan for designing the UI/UX architecture for the Advanced Scientific Calculator.

First, let me check if there are any files in the current directory that might be relevant to this project:...
  [Tool Call]: list_directory({'dir_path': '.'})
[tool]: .git
.mas...
[ai]: It looks like we're starting with a fresh repository. Let me check the git status to understand the current state better:...
  [Tool Call]: git_status({})
[tool]: On branch main

No commits yet

Untracked files:
  (use "git add <file>..." to include in what will be committed)
	.mas/

nothing added to commit but untracked files present (use "git add" to track)
...
[ai]: I'll start by creating a design document for the UI/UX architecture of the Advanced Scientific Calculator. First, let me create a directory structure for our project:...
  [Tool Call]: run_bash({'script': 'mkdir -p docs src'})
[tool]: [Error] Bash execution is not supported on Windows....

--- Generation Loop at Sat May  9 18:25:57 2026 ---
[system]: 🆔 YOUR IDENTITY: You are slave1.

👷 WORKER DIRECTIVE: You are a specialized developer in an elite squad.
- YOUR DUTY: Execute your assigned task with precision. Focus on technical excellence.
- PERSISTENCE: You MUST use 'git_commit_and_push' frequently (after every significant edit) to ensure your work is saved and shared with the squad.
- REPORTING: You MUST use 'report_to_master' to share progress with your Master. If you are stuck, use 'ask_coworker'.

You are a highly capable autonomous developer agent in an elite squad.
AVAILABLE TOOLS:
- FILE OPS: 'read_file', 'write_file', 'list_directory', 'rename_file'
- EXECUTION: 'run_bat', 'run_bash', 'run_python'
- RESEARCH: 'web_search', 'fetch_url'
- VERSION CONTROL: 'git_status', 'git_commit_and_push', 'git_pull', 'git_stash_save', 'git_stash_pop'
- WHATSAPP: 'is_whatsapp_connected', 'send_whatsapp_message', 'get_whatsapp_last_messages'
- MAS COORDINATION: 'report_to_master', 'ask_coworker', 'send_mas_message', 'reply_mas_message', 'che...
[human]: Check your status and inbox. If you have a task, execute it. If you have finished, update your status and report to your Master....
[ai]: ...
  [Tool Call]: get_mas_identity({})
  [Tool Call]: get_unread_messages({})
  [Tool Call]: check_all_agents_status({})
[tool]: My ID: slave1 | My Level: 0 | My Master: rootMaster...
[tool]: You have no new unread messages....
[tool]: --- All Agents Status ---

Agent: slave2 (Parent: rootMaster)
System State: live (Last Active: 1778347511.8849769)
Task Status: None
Current Task: None...

Agent: rootMaster (Parent: None)
System State: live (Last Active: 1778347485.4723513)
Task Status: None
Current Task: None...

Agent: slave1 (Parent: rootMaster)
System State: live (Last Active: 1778347479.1173089)
Task Status: None
Current Task: None...
...
[ai]: I've checked my status and inbox. I am slave1, operating under rootMaster. There are no new messages for me, and I currently don't have any assigned tasks.

I will now check the task manifest to see if there are any tasks assigned to me or the team that I should be aware of....
  [Tool Call]: get_task_manifest({})
[tool]: --- Global Task Manifest ---
- ID: 1 | slave2: [unknown] Develop the core mathematical logic engine for the calculator. Implement expression parsing (consider using SymPy or eval() safely), scientific functi (Unverified)
- ID: ? | rootMaster: [unknown] None (Unverified)
- ID: 2 | slave1: [unknown] Design the UI/UX architecture for the Advanced Scientific Calculator. Create a detailed design document outlining the layout, color scheme, widget pla (Unverified)
...
[ai]: I see there's a task assigned to me (slave1): "Design the UI/UX architecture for the Advanced Scientific Calculator". I'll begin working on this task by first creating a detailed design document.

Before I start, I'll check if there's any existing knowledge about this project that I should be aware of....
  [Tool Call]: list_knowledge_topics({})
[tool]: The knowledge vault is currently empty....
[ai]: Since the knowledge vault is empty, I'll need to start from scratch. Let me analyze the task requirements more carefully and then create a plan for designing the UI/UX architecture for the Advanced Scientific Calculator.

First, let me check if there are any files in the current directory that might be relevant to this project:...
  [Tool Call]: list_directory({'dir_path': '.'})
[tool]: .git
.mas...
[ai]: It looks like we're starting with a fresh repository. Let me check the git status to understand the current state better:...
  [Tool Call]: git_status({})
[tool]: On branch main

No commits yet

Untracked files:
  (use "git add <file>..." to include in what will be committed)
	.mas/

nothing added to commit but untracked files present (use "git add" to track)
...
[ai]: I'll start by creating a design document for the UI/UX architecture of the Advanced Scientific Calculator. First, let me create a directory structure for our project:...
  [Tool Call]: run_bash({'script': 'mkdir -p docs src'})
[tool]: [Error] Bash execution is not supported on Windows....
[ai]: Let me try using the Windows equivalent:...
  [Tool Call]: run_bat({'script': 'mkdir docs src'})
[tool]: 
D:\working\private\Test\AI\AI_CLI\mas_workspace>mkdir docs src 
...

--- Generation Loop at Sat May  9 18:25:57 2026 ---
[system]: 🆔 YOUR IDENTITY: You are slave1.

👷 WORKER DIRECTIVE: You are a specialized developer in an elite squad.
- YOUR DUTY: Execute your assigned task with precision. Focus on technical excellence.
- PERSISTENCE: You MUST use 'git_commit_and_push' frequently (after every significant edit) to ensure your work is saved and shared with the squad.
- REPORTING: You MUST use 'report_to_master' to share progress with your Master. If you are stuck, use 'ask_coworker'.

You are a highly capable autonomous developer agent in an elite squad.
AVAILABLE TOOLS:
- FILE OPS: 'read_file', 'write_file', 'list_directory', 'rename_file'
- EXECUTION: 'run_bat', 'run_bash', 'run_python'
- RESEARCH: 'web_search', 'fetch_url'
- VERSION CONTROL: 'git_status', 'git_commit_and_push', 'git_pull', 'git_stash_save', 'git_stash_pop'
- WHATSAPP: 'is_whatsapp_connected', 'send_whatsapp_message', 'get_whatsapp_last_messages'
- MAS COORDINATION: 'report_to_master', 'ask_coworker', 'send_mas_message', 'reply_mas_message', 'che...
[human]: Check your status and inbox. If you have a task, execute it. If you have finished, update your status and report to your Master....
[ai]: ...
  [Tool Call]: get_mas_identity({})
  [Tool Call]: get_unread_messages({})
  [Tool Call]: check_all_agents_status({})
[tool]: My ID: slave1 | My Level: 0 | My Master: rootMaster...
[tool]: You have no new unread messages....
[tool]: --- All Agents Status ---

Agent: slave2 (Parent: rootMaster)
System State: live (Last Active: 1778347511.8849769)
Task Status: None
Current Task: None...

Agent: rootMaster (Parent: None)
System State: live (Last Active: 1778347485.4723513)
Task Status: None
Current Task: None...

Agent: slave1 (Parent: rootMaster)
System State: live (Last Active: 1778347479.1173089)
Task Status: None
Current Task: None...
...
[ai]: I've checked my status and inbox. I am slave1, operating under rootMaster. There are no new messages for me, and I currently don't have any assigned tasks.

I will now check the task manifest to see if there are any tasks assigned to me or the team that I should be aware of....
  [Tool Call]: get_task_manifest({})
[tool]: --- Global Task Manifest ---
- ID: 1 | slave2: [unknown] Develop the core mathematical logic engine for the calculator. Implement expression parsing (consider using SymPy or eval() safely), scientific functi (Unverified)
- ID: ? | rootMaster: [unknown] None (Unverified)
- ID: 2 | slave1: [unknown] Design the UI/UX architecture for the Advanced Scientific Calculator. Create a detailed design document outlining the layout, color scheme, widget pla (Unverified)
...
[ai]: I see there's a task assigned to me (slave1): "Design the UI/UX architecture for the Advanced Scientific Calculator". I'll begin working on this task by first creating a detailed design document.

Before I start, I'll check if there's any existing knowledge about this project that I should be aware of....
  [Tool Call]: list_knowledge_topics({})
[tool]: The knowledge vault is currently empty....
[ai]: Since the knowledge vault is empty, I'll need to start from scratch. Let me analyze the task requirements more carefully and then create a plan for designing the UI/UX architecture for the Advanced Scientific Calculator.

First, let me check if there are any files in the current directory that might be relevant to this project:...
  [Tool Call]: list_directory({'dir_path': '.'})
[tool]: .git
.mas...
[ai]: It looks like we're starting with a fresh repository. Let me check the git status to understand the current state better:...
  [Tool Call]: git_status({})
[tool]: On branch main

No commits yet

Untracked files:
  (use "git add <file>..." to include in what will be committed)
	.mas/

nothing added to commit but untracked files present (use "git add" to track)
...
[ai]: I'll start by creating a design document for the UI/UX architecture of the Advanced Scientific Calculator. First, let me create a directory structure for our project:...
  [Tool Call]: run_bash({'script': 'mkdir -p docs src'})
[tool]: [Error] Bash execution is not supported on Windows....
[ai]: Let me try using the Windows equivalent:...
  [Tool Call]: run_bat({'script': 'mkdir docs src'})
[tool]: 
D:\working\private\Test\AI\AI_CLI\mas_workspace>mkdir docs src 
...

--- Generation Loop at Sat May  9 18:26:13 2026 ---
[system]: 🆔 YOUR IDENTITY: You are slave1.

👷 WORKER DIRECTIVE: You are a specialized developer in an elite squad.
- YOUR DUTY: Execute your assigned task with precision. Focus on technical excellence.
- PERSISTENCE: You MUST use 'git_commit_and_push' frequently (after every significant edit) to ensure your work is saved and shared with the squad.
- REPORTING: You MUST use 'report_to_master' to share progress with your Master. If you are stuck, use 'ask_coworker'.

You are a highly capable autonomous developer agent in an elite squad.
AVAILABLE TOOLS:
- FILE OPS: 'read_file', 'write_file', 'list_directory', 'rename_file'
- EXECUTION: 'run_bat', 'run_bash', 'run_python'
- RESEARCH: 'web_search', 'fetch_url'
- VERSION CONTROL: 'git_status', 'git_commit_and_push', 'git_pull', 'git_stash_save', 'git_stash_pop'
- WHATSAPP: 'is_whatsapp_connected', 'send_whatsapp_message', 'get_whatsapp_last_messages'
- MAS COORDINATION: 'report_to_master', 'ask_coworker', 'send_mas_message', 'reply_mas_message', 'che...
[human]: Check your status and inbox. If you have a task, execute it. If you have finished, update your status and report to your Master....
[ai]: ...
  [Tool Call]: get_mas_identity({})
  [Tool Call]: get_unread_messages({})
  [Tool Call]: check_all_agents_status({})
[tool]: My ID: slave1 | My Level: 0 | My Master: rootMaster...
[tool]: You have no new unread messages....
[tool]: --- All Agents Status ---

Agent: slave2 (Parent: rootMaster)
System State: live (Last Active: 1778347511.8849769)
Task Status: None
Current Task: None...

Agent: rootMaster (Parent: None)
System State: live (Last Active: 1778347485.4723513)
Task Status: None
Current Task: None...

Agent: slave1 (Parent: rootMaster)
System State: live (Last Active: 1778347479.1173089)
Task Status: None
Current Task: None...
...
[ai]: I've checked my status and inbox. I am slave1, operating under rootMaster. There are no new messages for me, and I currently don't have any assigned tasks.

I will now check the task manifest to see if there are any tasks assigned to me or the team that I should be aware of....
  [Tool Call]: get_task_manifest({})
[tool]: --- Global Task Manifest ---
- ID: 1 | slave2: [unknown] Develop the core mathematical logic engine for the calculator. Implement expression parsing (consider using SymPy or eval() safely), scientific functi (Unverified)
- ID: ? | rootMaster: [unknown] None (Unverified)
- ID: 2 | slave1: [unknown] Design the UI/UX architecture for the Advanced Scientific Calculator. Create a detailed design document outlining the layout, color scheme, widget pla (Unverified)
...
[ai]: I see there's a task assigned to me (slave1): "Design the UI/UX architecture for the Advanced Scientific Calculator". I'll begin working on this task by first creating a detailed design document.

Before I start, I'll check if there's any existing knowledge about this project that I should be aware of....
  [Tool Call]: list_knowledge_topics({})
[tool]: The knowledge vault is currently empty....
[ai]: Since the knowledge vault is empty, I'll need to start from scratch. Let me analyze the task requirements more carefully and then create a plan for designing the UI/UX architecture for the Advanced Scientific Calculator.

First, let me check if there are any files in the current directory that might be relevant to this project:...
  [Tool Call]: list_directory({'dir_path': '.'})
[tool]: .git
.mas...
[ai]: It looks like we're starting with a fresh repository. Let me check the git status to understand the current state better:...
  [Tool Call]: git_status({})
[tool]: On branch main

No commits yet

Untracked files:
  (use "git add <file>..." to include in what will be committed)
	.mas/

nothing added to commit but untracked files present (use "git add" to track)
...
[ai]: I'll start by creating a design document for the UI/UX architecture of the Advanced Scientific Calculator. First, let me create a directory structure for our project:...
  [Tool Call]: run_bash({'script': 'mkdir -p docs src'})
[tool]: [Error] Bash execution is not supported on Windows....
[ai]: Let me try using the Windows equivalent:...
  [Tool Call]: run_bat({'script': 'mkdir docs src'})
[tool]: 
D:\working\private\Test\AI\AI_CLI\mas_workspace>mkdir docs src 
...
[ai]: Now I'll create a design document for the UI/UX architecture. Let me first outline my approach:...
  [Tool Call]: send_mas_message({'to_id': 'rootMaster', 'message': "I'm starting work on the UI/UX design for the Advanced Scientific Calculator. My approach will be to create a comprehensive design document that includes: 1) Overall layout and structure, 2) Color scheme and visual design, 3) Widget placement and organization, 4) User interaction patterns, 5) Responsive design considerations. I'll be placing this document in a docs folder and will commit my progress frequently. Please let me know if you have any specific requirements or preferences for the UI/UX design."})
[tool]: Message sent to rootMaster...

--- Generation Loop at Sat May  9 18:26:13 2026 ---
[system]: 🆔 YOUR IDENTITY: You are slave1.

👷 WORKER DIRECTIVE: You are a specialized developer in an elite squad.
- YOUR DUTY: Execute your assigned task with precision. Focus on technical excellence.
- PERSISTENCE: You MUST use 'git_commit_and_push' frequently (after every significant edit) to ensure your work is saved and shared with the squad.
- REPORTING: You MUST use 'report_to_master' to share progress with your Master. If you are stuck, use 'ask_coworker'.

You are a highly capable autonomous developer agent in an elite squad.
AVAILABLE TOOLS:
- FILE OPS: 'read_file', 'write_file', 'list_directory', 'rename_file'
- EXECUTION: 'run_bat', 'run_bash', 'run_python'
- RESEARCH: 'web_search', 'fetch_url'
- VERSION CONTROL: 'git_status', 'git_commit_and_push', 'git_pull', 'git_stash_save', 'git_stash_pop'
- WHATSAPP: 'is_whatsapp_connected', 'send_whatsapp_message', 'get_whatsapp_last_messages'
- MAS COORDINATION: 'report_to_master', 'ask_coworker', 'send_mas_message', 'reply_mas_message', 'che...
[human]: Check your status and inbox. If you have a task, execute it. If you have finished, update your status and report to your Master....
[ai]: ...
  [Tool Call]: get_mas_identity({})
  [Tool Call]: get_unread_messages({})
  [Tool Call]: check_all_agents_status({})
[tool]: My ID: slave1 | My Level: 0 | My Master: rootMaster...
[tool]: You have no new unread messages....
[tool]: --- All Agents Status ---

Agent: slave2 (Parent: rootMaster)
System State: live (Last Active: 1778347511.8849769)
Task Status: None
Current Task: None...

Agent: rootMaster (Parent: None)
System State: live (Last Active: 1778347485.4723513)
Task Status: None
Current Task: None...

Agent: slave1 (Parent: rootMaster)
System State: live (Last Active: 1778347479.1173089)
Task Status: None
Current Task: None...
...
[ai]: I've checked my status and inbox. I am slave1, operating under rootMaster. There are no new messages for me, and I currently don't have any assigned tasks.

I will now check the task manifest to see if there are any tasks assigned to me or the team that I should be aware of....
  [Tool Call]: get_task_manifest({})
[tool]: --- Global Task Manifest ---
- ID: 1 | slave2: [unknown] Develop the core mathematical logic engine for the calculator. Implement expression parsing (consider using SymPy or eval() safely), scientific functi (Unverified)
- ID: ? | rootMaster: [unknown] None (Unverified)
- ID: 2 | slave1: [unknown] Design the UI/UX architecture for the Advanced Scientific Calculator. Create a detailed design document outlining the layout, color scheme, widget pla (Unverified)
...
[ai]: I see there's a task assigned to me (slave1): "Design the UI/UX architecture for the Advanced Scientific Calculator". I'll begin working on this task by first creating a detailed design document.

Before I start, I'll check if there's any existing knowledge about this project that I should be aware of....
  [Tool Call]: list_knowledge_topics({})
[tool]: The knowledge vault is currently empty....
[ai]: Since the knowledge vault is empty, I'll need to start from scratch. Let me analyze the task requirements more carefully and then create a plan for designing the UI/UX architecture for the Advanced Scientific Calculator.

First, let me check if there are any files in the current directory that might be relevant to this project:...
  [Tool Call]: list_directory({'dir_path': '.'})
[tool]: .git
.mas...
[ai]: It looks like we're starting with a fresh repository. Let me check the git status to understand the current state better:...
  [Tool Call]: git_status({})
[tool]: On branch main

No commits yet

Untracked files:
  (use "git add <file>..." to include in what will be committed)
	.mas/

nothing added to commit but untracked files present (use "git add" to track)
...
[ai]: I'll start by creating a design document for the UI/UX architecture of the Advanced Scientific Calculator. First, let me create a directory structure for our project:...
  [Tool Call]: run_bash({'script': 'mkdir -p docs src'})
[tool]: [Error] Bash execution is not supported on Windows....
[ai]: Let me try using the Windows equivalent:...
  [Tool Call]: run_bat({'script': 'mkdir docs src'})
[tool]: 
D:\working\private\Test\AI\AI_CLI\mas_workspace>mkdir docs src 
...
[ai]: Now I'll create a design document for the UI/UX architecture. Let me first outline my approach:...
  [Tool Call]: send_mas_message({'to_id': 'rootMaster', 'message': "I'm starting work on the UI/UX design for the Advanced Scientific Calculator. My approach will be to create a comprehensive design document that includes: 1) Overall layout and structure, 2) Color scheme and visual design, 3) Widget placement and organization, 4) User interaction patterns, 5) Responsive design considerations. I'll be placing this document in a docs folder and will commit my progress frequently. Please let me know if you have any specific requirements or preferences for the UI/UX design."})
[tool]: Message sent to rootMaster...

--- Generation Loop at Sat May  9 18:26:34 2026 ---
[system]: 🆔 YOUR IDENTITY: You are slave1.

👷 WORKER DIRECTIVE: You are a specialized developer in an elite squad.
- YOUR DUTY: Execute your assigned task with precision. Focus on technical excellence.
- PERSISTENCE: You MUST use 'git_commit_and_push' frequently (after every significant edit) to ensure your work is saved and shared with the squad.
- REPORTING: You MUST use 'report_to_master' to share progress with your Master. If you are stuck, use 'ask_coworker'.

You are a highly capable autonomous developer agent in an elite squad.
AVAILABLE TOOLS:
- FILE OPS: 'read_file', 'write_file', 'list_directory', 'rename_file'
- EXECUTION: 'run_bat', 'run_bash', 'run_python'
- RESEARCH: 'web_search', 'fetch_url'
- VERSION CONTROL: 'git_status', 'git_commit_and_push', 'git_pull', 'git_stash_save', 'git_stash_pop'
- WHATSAPP: 'is_whatsapp_connected', 'send_whatsapp_message', 'get_whatsapp_last_messages'
- MAS COORDINATION: 'report_to_master', 'ask_coworker', 'send_mas_message', 'reply_mas_message', 'che...
[human]: Check your status and inbox. If you have a task, execute it. If you have finished, update your status and report to your Master....
[ai]: ...
  [Tool Call]: get_mas_identity({})
  [Tool Call]: get_unread_messages({})
  [Tool Call]: check_all_agents_status({})
[tool]: My ID: slave1 | My Level: 0 | My Master: rootMaster...
[tool]: You have no new unread messages....
[tool]: --- All Agents Status ---

Agent: slave2 (Parent: rootMaster)
System State: live (Last Active: 1778347511.8849769)
Task Status: None
Current Task: None...

Agent: rootMaster (Parent: None)
System State: live (Last Active: 1778347485.4723513)
Task Status: None
Current Task: None...

Agent: slave1 (Parent: rootMaster)
System State: live (Last Active: 1778347479.1173089)
Task Status: None
Current Task: None...
...
[ai]: I've checked my status and inbox. I am slave1, operating under rootMaster. There are no new messages for me, and I currently don't have any assigned tasks.

I will now check the task manifest to see if there are any tasks assigned to me or the team that I should be aware of....
  [Tool Call]: get_task_manifest({})
[tool]: --- Global Task Manifest ---
- ID: 1 | slave2: [unknown] Develop the core mathematical logic engine for the calculator. Implement expression parsing (consider using SymPy or eval() safely), scientific functi (Unverified)
- ID: ? | rootMaster: [unknown] None (Unverified)
- ID: 2 | slave1: [unknown] Design the UI/UX architecture for the Advanced Scientific Calculator. Create a detailed design document outlining the layout, color scheme, widget pla (Unverified)
...
[ai]: I see there's a task assigned to me (slave1): "Design the UI/UX architecture for the Advanced Scientific Calculator". I'll begin working on this task by first creating a detailed design document.

Before I start, I'll check if there's any existing knowledge about this project that I should be aware of....
  [Tool Call]: list_knowledge_topics({})
[tool]: The knowledge vault is currently empty....
[ai]: Since the knowledge vault is empty, I'll need to start from scratch. Let me analyze the task requirements more carefully and then create a plan for designing the UI/UX architecture for the Advanced Scientific Calculator.

First, let me check if there are any files in the current directory that might be relevant to this project:...
  [Tool Call]: list_directory({'dir_path': '.'})
[tool]: .git
.mas...
[ai]: It looks like we're starting with a fresh repository. Let me check the git status to understand the current state better:...
  [Tool Call]: git_status({})
[tool]: On branch main

No commits yet

Untracked files:
  (use "git add <file>..." to include in what will be committed)
	.mas/

nothing added to commit but untracked files present (use "git add" to track)
...
[ai]: I'll start by creating a design document for the UI/UX architecture of the Advanced Scientific Calculator. First, let me create a directory structure for our project:...
  [Tool Call]: run_bash({'script': 'mkdir -p docs src'})
[tool]: [Error] Bash execution is not supported on Windows....
[ai]: Let me try using the Windows equivalent:...
  [Tool Call]: run_bat({'script': 'mkdir docs src'})
[tool]: 
D:\working\private\Test\AI\AI_CLI\mas_workspace>mkdir docs src 
...
[ai]: Now I'll create a design document for the UI/UX architecture. Let me first outline my approach:...
  [Tool Call]: send_mas_message({'to_id': 'rootMaster', 'message': "I'm starting work on the UI/UX design for the Advanced Scientific Calculator. My approach will be to create a comprehensive design document that includes: 1) Overall layout and structure, 2) Color scheme and visual design, 3) Widget placement and organization, 4) User interaction patterns, 5) Responsive design considerations. I'll be placing this document in a docs folder and will commit my progress frequently. Please let me know if you have any specific requirements or preferences for the UI/UX design."})
[tool]: Message sent to rootMaster...
[ai]: Now I'll create a detailed UI/UX design document. Let me start by writing the initial structure:...
  [Tool Call]: write_file({'file_path': 'docs/ui_ux_design.md', 'text': '# Advanced Scientific Calculator - UI/UX Design Document\n\n## 1. Overview\n\nThis document outlines the UI/UX architecture for the Advanced Scientific Calculator application. The design focuses on providing an intuitive interface for both basic and advanced mathematical operations while maintaining ease of use for students, engineers, and scientists.\n\n## 2. Design Principles\n\n- **Clarity**: Clear visual hierarchy and readable typography\n- **Efficiency**: Quick access to frequently used functions\n- **Consistency**: Uniform design patterns throughout the application\n- **Accessibility**: Support for different user needs and abilities\n\n## 3. Layout Structure\n\n### 3.1 Main Display Area\n- Primary display for input and results\n- Secondary display for showing previous calculations\n- History panel for accessing past computations\n\n### 3.2 Function Sections\n- Basic arithmetic operations (+, -, ×, ÷)\n- Scientific functions (sin, cos, tan, log, etc.)\n- Constants (π, e, etc.)\n- Parentheses and memory functions\n- Advanced operations (integration, differentiation, equation solving)\n\n## 4. Visual Design\n\n### 4.1 Color Scheme\n- Primary: Dark theme for reduced eye strain during extended use\n- Accent colors for important functions\n- High contrast for readability\n\n### 4.2 Typography\n- Clear, monospace font for numerical display\n- Appropriate sizing for different screen sizes\n\n## 5. Interaction Patterns\n\n### 5.1 Input Methods\n- Touch/click interactions for standard use\n- Keyboard support for desktop users\n- Gesture controls where applicable\n\n### 5.2 Feedback Mechanisms\n- Visual feedback for button presses\n- Error messaging for invalid inputs\n- Animation for mode transitions\n\n## 6. Responsive Design\n\nThe interface will adapt to different screen sizes:\n- Desktop: Full feature set with multiple panels\n- Tablet: Condensed layout with collapsible sections\n- Mobile: Simplified view with swipe navigation\n\n## 7. Detailed Widget Placement\n\n(TBD - Will be expanded in the next section)'})
[tool]: File written successfully to docs/ui_ux_design.md....

--- Generation Loop at Sat May  9 18:26:34 2026 ---
[system]: 🆔 YOUR IDENTITY: You are slave1.

👷 WORKER DIRECTIVE: You are a specialized developer in an elite squad.
- YOUR DUTY: Execute your assigned task with precision. Focus on technical excellence.
- PERSISTENCE: You MUST use 'git_commit_and_push' frequently (after every significant edit) to ensure your work is saved and shared with the squad.
- REPORTING: You MUST use 'report_to_master' to share progress with your Master. If you are stuck, use 'ask_coworker'.

You are a highly capable autonomous developer agent in an elite squad.
AVAILABLE TOOLS:
- FILE OPS: 'read_file', 'write_file', 'list_directory', 'rename_file'
- EXECUTION: 'run_bat', 'run_bash', 'run_python'
- RESEARCH: 'web_search', 'fetch_url'
- VERSION CONTROL: 'git_status', 'git_commit_and_push', 'git_pull', 'git_stash_save', 'git_stash_pop'
- WHATSAPP: 'is_whatsapp_connected', 'send_whatsapp_message', 'get_whatsapp_last_messages'
- MAS COORDINATION: 'report_to_master', 'ask_coworker', 'send_mas_message', 'reply_mas_message', 'che...
[human]: Check your status and inbox. If you have a task, execute it. If you have finished, update your status and report to your Master....
[ai]: ...
  [Tool Call]: get_mas_identity({})
  [Tool Call]: get_unread_messages({})
  [Tool Call]: check_all_agents_status({})
[tool]: My ID: slave1 | My Level: 0 | My Master: rootMaster...
[tool]: You have no new unread messages....
[tool]: --- All Agents Status ---

Agent: slave2 (Parent: rootMaster)
System State: live (Last Active: 1778347511.8849769)
Task Status: None
Current Task: None...

Agent: rootMaster (Parent: None)
System State: live (Last Active: 1778347485.4723513)
Task Status: None
Current Task: None...

Agent: slave1 (Parent: rootMaster)
System State: live (Last Active: 1778347479.1173089)
Task Status: None
Current Task: None...
...
[ai]: I've checked my status and inbox. I am slave1, operating under rootMaster. There are no new messages for me, and I currently don't have any assigned tasks.

I will now check the task manifest to see if there are any tasks assigned to me or the team that I should be aware of....
  [Tool Call]: get_task_manifest({})
[tool]: --- Global Task Manifest ---
- ID: 1 | slave2: [unknown] Develop the core mathematical logic engine for the calculator. Implement expression parsing (consider using SymPy or eval() safely), scientific functi (Unverified)
- ID: ? | rootMaster: [unknown] None (Unverified)
- ID: 2 | slave1: [unknown] Design the UI/UX architecture for the Advanced Scientific Calculator. Create a detailed design document outlining the layout, color scheme, widget pla (Unverified)
...
[ai]: I see there's a task assigned to me (slave1): "Design the UI/UX architecture for the Advanced Scientific Calculator". I'll begin working on this task by first creating a detailed design document.

Before I start, I'll check if there's any existing knowledge about this project that I should be aware of....
  [Tool Call]: list_knowledge_topics({})
[tool]: The knowledge vault is currently empty....
[ai]: Since the knowledge vault is empty, I'll need to start from scratch. Let me analyze the task requirements more carefully and then create a plan for designing the UI/UX architecture for the Advanced Scientific Calculator.

First, let me check if there are any files in the current directory that might be relevant to this project:...
  [Tool Call]: list_directory({'dir_path': '.'})
[tool]: .git
.mas...
[ai]: It looks like we're starting with a fresh repository. Let me check the git status to understand the current state better:...
  [Tool Call]: git_status({})
[tool]: On branch main

No commits yet

Untracked files:
  (use "git add <file>..." to include in what will be committed)
	.mas/

nothing added to commit but untracked files present (use "git add" to track)
...
[ai]: I'll start by creating a design document for the UI/UX architecture of the Advanced Scientific Calculator. First, let me create a directory structure for our project:...
  [Tool Call]: run_bash({'script': 'mkdir -p docs src'})
[tool]: [Error] Bash execution is not supported on Windows....
[ai]: Let me try using the Windows equivalent:...
  [Tool Call]: run_bat({'script': 'mkdir docs src'})
[tool]: 
D:\working\private\Test\AI\AI_CLI\mas_workspace>mkdir docs src 
...
[ai]: Now I'll create a design document for the UI/UX architecture. Let me first outline my approach:...
  [Tool Call]: send_mas_message({'to_id': 'rootMaster', 'message': "I'm starting work on the UI/UX design for the Advanced Scientific Calculator. My approach will be to create a comprehensive design document that includes: 1) Overall layout and structure, 2) Color scheme and visual design, 3) Widget placement and organization, 4) User interaction patterns, 5) Responsive design considerations. I'll be placing this document in a docs folder and will commit my progress frequently. Please let me know if you have any specific requirements or preferences for the UI/UX design."})
[tool]: Message sent to rootMaster...
[ai]: Now I'll create a detailed UI/UX design document. Let me start by writing the initial structure:...
  [Tool Call]: write_file({'file_path': 'docs/ui_ux_design.md', 'text': '# Advanced Scientific Calculator - UI/UX Design Document\n\n## 1. Overview\n\nThis document outlines the UI/UX architecture for the Advanced Scientific Calculator application. The design focuses on providing an intuitive interface for both basic and advanced mathematical operations while maintaining ease of use for students, engineers, and scientists.\n\n## 2. Design Principles\n\n- **Clarity**: Clear visual hierarchy and readable typography\n- **Efficiency**: Quick access to frequently used functions\n- **Consistency**: Uniform design patterns throughout the application\n- **Accessibility**: Support for different user needs and abilities\n\n## 3. Layout Structure\n\n### 3.1 Main Display Area\n- Primary display for input and results\n- Secondary display for showing previous calculations\n- History panel for accessing past computations\n\n### 3.2 Function Sections\n- Basic arithmetic operations (+, -, ×, ÷)\n- Scientific functions (sin, cos, tan, log, etc.)\n- Constants (π, e, etc.)\n- Parentheses and memory functions\n- Advanced operations (integration, differentiation, equation solving)\n\n## 4. Visual Design\n\n### 4.1 Color Scheme\n- Primary: Dark theme for reduced eye strain during extended use\n- Accent colors for important functions\n- High contrast for readability\n\n### 4.2 Typography\n- Clear, monospace font for numerical display\n- Appropriate sizing for different screen sizes\n\n## 5. Interaction Patterns\n\n### 5.1 Input Methods\n- Touch/click interactions for standard use\n- Keyboard support for desktop users\n- Gesture controls where applicable\n\n### 5.2 Feedback Mechanisms\n- Visual feedback for button presses\n- Error messaging for invalid inputs\n- Animation for mode transitions\n\n## 6. Responsive Design\n\nThe interface will adapt to different screen sizes:\n- Desktop: Full feature set with multiple panels\n- Tablet: Condensed layout with collapsible sections\n- Mobile: Simplified view with swipe navigation\n\n## 7. Detailed Widget Placement\n\n(TBD - Will be expanded in the next section)'})
[tool]: File written successfully to docs/ui_ux_design.md....
